Archive member included to satisfy reference by file (symbol)

d:/programfiles/mcuxpressoide_11.2.0_4120/ide/plugins/com.nxp.mcuxpresso.tools.win32_11.2.0.202001021529/tools/bin/../lib/gcc/arm-none-eabi/9.2.1/../../../../arm-none-eabi/lib/thumb/v6-m/nofp\libcr_nohost_nf.a(__ciob.o)
                              ./source/command_processor.o (__Ciob)
d:/programfiles/mcuxpressoide_11.2.0_4120/ide/plugins/com.nxp.mcuxpresso.tools.win32_11.2.0.202001021529/tools/bin/../lib/gcc/arm-none-eabi/9.2.1/../../../../arm-none-eabi/lib/thumb/v6-m/nofp\libcr_nohost_nf.a(_cr__main.o)
                              ./startup/startup_mkl25z4.o (__main)
d:/programfiles/mcuxpressoide_11.2.0_4120/ide/plugins/com.nxp.mcuxpresso.tools.win32_11.2.0.202001021529/tools/bin/../lib/gcc/arm-none-eabi/9.2.1/../../../../arm-none-eabi/lib/thumb/v6-m/nofp\libcr_c.a(memcpy.o)
                              ./drivers/fsl_flash.o (memcpy)
d:/programfiles/mcuxpressoide_11.2.0_4120/ide/plugins/com.nxp.mcuxpresso.tools.win32_11.2.0.202001021529/tools/bin/../lib/gcc/arm-none-eabi/9.2.1/../../../../arm-none-eabi/lib/thumb/v6-m/nofp\libcr_c.a(memset.o)
                              ./source/command_processor.o (memset)
d:/programfiles/mcuxpressoide_11.2.0_4120/ide/plugins/com.nxp.mcuxpresso.tools.win32_11.2.0.202001021529/tools/bin/../lib/gcc/arm-none-eabi/9.2.1/../../../../arm-none-eabi/lib/thumb/v6-m/nofp\libcr_c.a(__fillbuf.o)
                              ./source/command_processor.o (__filbuf)
d:/programfiles/mcuxpressoide_11.2.0_4120/ide/plugins/com.nxp.mcuxpresso.tools.win32_11.2.0.202001021529/tools/bin/../lib/gcc/arm-none-eabi/9.2.1/../../../../arm-none-eabi/lib/thumb/v6-m/nofp\libcr_c.a(_deferredlazyseek.o)
                              d:/programfiles/mcuxpressoide_11.2.0_4120/ide/plugins/com.nxp.mcuxpresso.tools.win32_11.2.0.202001021529/tools/bin/../lib/gcc/arm-none-eabi/9.2.1/../../../../arm-none-eabi/lib/thumb/v6-m/nofp\libcr_c.a(__fillbuf.o) (_deferredlazyseek)
d:/programfiles/mcuxpressoide_11.2.0_4120/ide/plugins/com.nxp.mcuxpresso.tools.win32_11.2.0.202001021529/tools/bin/../lib/gcc/arm-none-eabi/9.2.1/../../../../arm-none-eabi/lib/thumb/v6-m/nofp\libcr_c.a(_fflush.o)
                              d:/programfiles/mcuxpressoide_11.2.0_4120/ide/plugins/com.nxp.mcuxpresso.tools.win32_11.2.0.202001021529/tools/bin/../lib/gcc/arm-none-eabi/9.2.1/../../../../arm-none-eabi/lib/thumb/v6-m/nofp\libcr_c.a(__fillbuf.o) (_fflush)
d:/programfiles/mcuxpressoide_11.2.0_4120/ide/plugins/com.nxp.mcuxpresso.tools.win32_11.2.0.202001021529/tools/bin/../lib/gcc/arm-none-eabi/9.2.1/../../../../arm-none-eabi/lib/thumb/v6-m/nofp\libcr_c.a(_writebuf.o)
                              d:/programfiles/mcuxpressoide_11.2.0_4120/ide/plugins/com.nxp.mcuxpresso.tools.win32_11.2.0.202001021529/tools/bin/../lib/gcc/arm-none-eabi/9.2.1/../../../../arm-none-eabi/lib/thumb/v6-m/nofp\libcr_c.a(_deferredlazyseek.o) (_Cwritebuf)
d:/programfiles/mcuxpressoide_11.2.0_4120/ide/plugins/com.nxp.mcuxpresso.tools.win32_11.2.0.202001021529/tools/bin/../lib/gcc/arm-none-eabi/9.2.1/../../../../arm-none-eabi/lib/thumb/v6-m/nofp\libcr_c.a(acos.o)
                              ./source/Accelerometer.o (acos)
d:/programfiles/mcuxpressoide_11.2.0_4120/ide/plugins/com.nxp.mcuxpresso.tools.win32_11.2.0.202001021529/tools/bin/../lib/gcc/arm-none-eabi/9.2.1/../../../../arm-none-eabi/lib/thumb/v6-m/nofp\libcr_c.a(alloc.o)
                              d:/programfiles/mcuxpressoide_11.2.0_4120/ide/plugins/com.nxp.mcuxpresso.tools.win32_11.2.0.202001021529/tools/bin/../lib/gcc/arm-none-eabi/9.2.1/../../../../arm-none-eabi/lib/thumb/v6-m/nofp\libcr_c.a(__fillbuf.o) (_Csys_alloc)
d:/programfiles/mcuxpressoide_11.2.0_4120/ide/plugins/com.nxp.mcuxpresso.tools.win32_11.2.0.202001021529/tools/bin/../lib/gcc/arm-none-eabi/9.2.1/../../../../arm-none-eabi/lib/thumb/v6-m/nofp\libcr_c.a(fabs.o)
                              ./source/command_processor.o (fabs)
d:/programfiles/mcuxpressoide_11.2.0_4120/ide/plugins/com.nxp.mcuxpresso.tools.win32_11.2.0.202001021529/tools/bin/../lib/gcc/arm-none-eabi/9.2.1/../../../../arm-none-eabi/lib/thumb/v6-m/nofp\libcr_c.a(fpprintf.o)
                              ./source/cbfifo.o (printf)
d:/programfiles/mcuxpressoide_11.2.0_4120/ide/plugins/com.nxp.mcuxpresso.tools.win32_11.2.0.202001021529/tools/bin/../lib/gcc/arm-none-eabi/9.2.1/../../../../arm-none-eabi/lib/thumb/v6-m/nofp\libcr_c.a(fseek.o)
                              d:/programfiles/mcuxpressoide_11.2.0_4120/ide/plugins/com.nxp.mcuxpresso.tools.win32_11.2.0.202001021529/tools/bin/../lib/gcc/arm-none-eabi/9.2.1/../../../../arm-none-eabi/lib/thumb/v6-m/nofp\libcr_c.a(_deferredlazyseek.o) (fseek)
d:/programfiles/mcuxpressoide_11.2.0_4120/ide/plugins/com.nxp.mcuxpresso.tools.win32_11.2.0.202001021529/tools/bin/../lib/gcc/arm-none-eabi/9.2.1/../../../../arm-none-eabi/lib/thumb/v6-m/nofp\libcr_c.a(ftell.o)
[...]
Memory Configuration

Name             Origin             Length             Attributes
PROGRAM_FLASH    0x00000000         0x00020000         xr
SRAM             0x1ffff000         0x00004000         xrw
*default*        0x00000000         0xffffffff

Linker script and memory map

LOAD ./utilities/fsl_debug_console.o
LOAD ./startup/startup_mkl25z4.o
LOAD ./source/Accelerometer.o
LOAD ./source/Delay.o
LOAD ./source/Final_Project.o
LOAD ./source/PWM.o
LOAD ./source/UART.o
LOAD ./source/cbfifo.o
LOAD ./source/command_processor.o
LOAD ./source/i2c.o
LOAD ./source/led.o
LOAD ./source/mtb.o
LOAD ./source/semihost_hardfault.o
LOAD ./source/state_machine.o
LOAD ./source/switch.o
LOAD ./source/sysclock.o
LOAD ./source/test_accelerometer.o
LOAD ./source/test_cbfifo.o
LOAD ./source/test_led.o
LOAD ./drivers/fsl_clock.o
LOAD ./drivers/fsl_common.o
LOAD ./drivers/fsl_flash.o
LOAD ./drivers/fsl_gpio.o
LOAD ./drivers/fsl_lpsci.o
LOAD ./drivers/fsl_smc.o
LOAD ./drivers/fsl_uart.o
LOAD ./board/board.o
LOAD ./board/clock_config.o
LOAD ./board/peripherals.o
LOAD ./board/pin_mux.o
LOAD ./CMSIS/system_MKL25Z4.o
START GROUP
LOAD d:/programfiles/mcuxpressoide_11.2.0_4120/ide/plugins/com.nxp.mcuxpresso.tools.win32_11.2.0.202001021529/tools/bin/../lib/gcc/arm-none-eabi/9.2.1/../../../../arm-none-eabi/lib/thumb/v6-m/nofp\libcr_nohost_nf.a
LOAD d:/programfiles/mcuxpressoide_11.2.0_4120/ide/plugins/com.nxp.mcuxpresso.tools.win32_11.2.0.202001021529/tools/bin/../lib/gcc/arm-none-eabi/9.2.1/../../../../arm-none-eabi/lib/thumb/v6-m/nofp\libcr_c.a
LOAD d:/programfiles/mcuxpressoide_11.2.0_4120/ide/plugins/com.nxp.mcuxpresso.tools.win32_11.2.0.202001021529/tools/bin/../lib/gcc/arm-none-eabi/9.2.1/thumb/v6-m/nofp\libcr_eabihelpers.a
LOAD d:/programfiles/mcuxpressoide_11.2.0_4120/ide/plugins/com.nxp.mcuxpresso.tools.win32_11.2.0.202001021529/tools/bin/../lib/gcc/arm-none-eabi/9.2.1/thumb/v6-m/nofp\libgcc.a
END GROUP
                0x00000000                __base_PROGRAM_FLASH = 0x0
                0x00000000                __base_Flash = 0x0
                0x00020000                __top_PROGRAM_FLASH = 0x20000
                0x00020000                __top_Flash = 0x20000
                0x1ffff000                __base_SRAM = 0x1ffff000
                0x1ffff000                __base_RAM = 0x1ffff000
                0x20003000                __top_SRAM = 0x20003000
                0x20003000                __top_RAM = 0x20003000

.text           0x00000000     0xd36c
 FILL mask 0xff
                0x00000000                __vectors_start__ = ABSOLUTE (.)
 *(SORT_BY_ALIGNMENT(.isr_vector))
 .isr_vector    0x00000000       0xc0 ./startup/startup_mkl25z4.o
                0x00000000                g_pfnVectors
                0x00000000                __Vectors
                0x000000c0                . = ALIGN (0x4)
                0x000000c0                __section_table_start = .
                0x000000c0                __data_section_table = .
                0x000000c0        0x4 LONG 0xd36c LOADADDR (.data)
                0x000000c4        0x4 LONG 0x1ffff080 ADDR (.data)
                0x000000c8        0x4 LONG 0x8 SIZEOF (.data)
                0x000000cc                __data_section_table_end = .
                0x000000cc                __bss_section_table = .
                0x000000cc        0x4 LONG 0x1ffff088 ADDR (.bss)
                0x000000d0        0x4 LONG 0x524 SIZEOF (.bss)
                0x000000d4                __bss_section_table_end = .
                0x000000d4                __section_table_end = .
 *(SORT_BY_ALIGNMENT(.after_vectors*))
 .after_vectors.reset
                0x000000d4       0x4c ./startup/startup_mkl25z4.o
                0x000000d4                ResetISR
 .after_vectors.init_data
                0x00000120       0x12 ./startup/startup_mkl25z4.o
                0x00000120                data_init
 .after_vectors.init_bss
                0x00000132       0x10 ./startup/startup_mkl25z4.o
                0x00000132                bss_init
 .after_vectors
                0x00000142      0x10c ./startup/startup_mkl25z4.o
                0x00000142                NMI_Handler
                0x00000146                SVC_Handler
                0x00000148                PendSV_Handler
                0x0000014a                SysTick_Handler
                0x0000014c                LPTMR0_DriverIRQHandler
                0x0000014c                Reserved39_DriverIRQHandler
                0x0000014c                DMA0_DriverIRQHandler
                0x0000014c                SPI1_DriverIRQHandler
                0x0000014c                I2C0_DriverIRQHandler
                0x0000014c                PORTD_DriverIRQHandler
                0x0000014c                DMA2_DriverIRQHandler
                0x0000014c                CMP0_DriverIRQHandler
                0x0000014c                TPM2_DriverIRQHandler
                0x0000014c                ADC0_DriverIRQHandler
                0x0000014c                SPI0_DriverIRQHandler
                0x0000014c                TSI0_DriverIRQHandler
                0x0000014c                RTC_Seconds_DriverIRQHandler
                0x0000014c                I2C1_DriverIRQHandler
                0x0000014c                LLWU_DriverIRQHandler
                0x0000014c                MCG_DriverIRQHandler
                0x0000014c                DMA1_DriverIRQHandler
                0x0000014c                PIT_DriverIRQHandler
                0x0000014c                RTC_DriverIRQHandler
                0x0000014c                FTFA_DriverIRQHandler
                0x0000014c                IntDefaultHandler
                0x0000014c                USB0_DriverIRQHandler
                0x0000014c                DAC0_DriverIRQHandler
                0x0000014c                LVD_LVW_DriverIRQHandler
                0x0000014c                TPM0_DriverIRQHandler
                0x0000014c                TPM1_DriverIRQHandler
                0x0000014c                PORTA_DriverIRQHandler
                0x0000014c                Reserved20_DriverIRQHandler
                0x0000014c                DMA3_DriverIRQHandler
                0x0000014c                Reserved45_DriverIRQHandler
                0x0000014e                DMA0_IRQHandler
                0x00000156                DMA1_IRQHandler
                0x0000015e                DMA2_IRQHandler
                0x00000166                DMA3_IRQHandler
                0x0000016e                Reserved20_IRQHandler
                0x00000176                FTFA_IRQHandler
                0x0000017e                LVD_LVW_IRQHandler
                0x00000186                LLWU_IRQHandler
                0x0000018e                I2C0_IRQHandler
                0x00000196                I2C1_IRQHandler
                0x0000019e                SPI0_IRQHandler
                0x000001a6                SPI1_IRQHandler
                0x000001b6                UART1_IRQHandler
                0x000001be                UART2_IRQHandler
                0x000001c6                ADC0_IRQHandler
                0x000001ce                CMP0_IRQHandler
                0x000001d6                TPM0_IRQHandler
                0x000001de                TPM1_IRQHandler
                0x000001e6                TPM2_IRQHandler
                0x000001ee                RTC_IRQHandler
                0x000001f6                RTC_Seconds_IRQHandler
                0x000001fe                PIT_IRQHandler
                0x00000206                Reserved39_IRQHandler
                0x0000020e                USB0_IRQHandler
                0x00000216                DAC0_IRQHandler
                0x0000021e                TSI0_IRQHandler
                0x00000226                MCG_IRQHandler
                0x0000022e                LPTMR0_IRQHandler
                0x00000236                Reserved45_IRQHandler
                0x0000023e                PORTA_IRQHandler
                0x00000400                . = 0x400
 *fill*         0x0000024e      0x1b2 ff
                0x00000400                PROVIDE (__FLASH_CONFIG_START__ = .)
 *(SORT_BY_ALIGNMENT(.FlashConfig))
 .FlashConfig   0x00000400       0x10 ./startup/startup_mkl25z4.o
                0x00000400                Flash_Config
                0x00000410                PROVIDE (__FLASH_CONFIG_END__ = .)
                0x00000001                ASSERT (! ((__FLASH_CONFIG_START__ == __FLASH_CONFIG_END__)), Linker Flash Config Support Enabled, but no .FlashConfig section provided within application)
 *(SORT_BY_ALIGNMENT(.text*))
 .text.DbgConsole_Printf
                0x00000410       0x44 ./utilities/fsl_debug_console.o
                0x00000410                DbgConsole_Printf
 .text.DbgConsole_Putchar
                0x00000454       0x34 ./utilities/fsl_debug_console.o
                0x00000454                DbgConsole_Putchar
 .text.DbgConsole_ConvertFloatRadixNumToString
                0x00000488      0x28c ./utilities/fsl_debug_console.o
 .text.read_full_xyz
                0x00000714       0xd8 ./source/Accelerometer.o
                0x00000714                read_full_xyz
 .text.convert_xyz_to_roll_pitch
                0x000007ec      0x148 ./source/Accelerometer.o
                0x000007ec                convert_xyz_to_roll_pitch
 .text.Delay    0x00000934       0x2c ./source/Delay.o
                0x00000934                Delay
 .text.tpm_function
                0x00000960       0x34 ./source/PWM.o
                0x00000960                tpm_function
 .text.transition_to_any_state
                0x00000994      0x110 ./source/PWM.o
                0x00000994                transition_to_any_state
 .text.tpm_config
                0x00000aa4       0xb4 ./source/PWM.o
                0x00000aa4                tpm_config
 .text.NVIC_EnableIRQ
                0x00000b58       0x2c ./source/UART.o
 .text.NVIC_ClearPendingIRQ
                0x00000b84       0x30 ./source/UART.o
 .text.NVIC_SetPriority
                0x00000bb4       0xdc ./source/UART.o
 .text.Init_UART0
                0x00000c90      0x16c ./source/UART.o
                0x00000c90                Init_UART0
 .text.UART0_IRQHandler
                0x00000dfc       0xb0 ./source/UART.o
                0x00000dfc                UART0_IRQHandler
 .text.__sys_write
                0x00000eac       0x7c ./source/UART.o
                0x00000eac                __sys_write
 .text.cbfifo_enqueue
                0x00000f28      0x278 ./source/cbfifo.o
                0x00000f28                cbfifo_enqueue
 .text.cbfifo_dequeue
                0x000011a0      0x4bc ./source/cbfifo.o
                0x000011a0                cbfifo_dequeue
 .text.cbfifo_length
                0x0000165c       0x30 ./source/cbfifo.o
                0x0000165c                cbfifo_length
 .text.author_handler
                0x0000168c       0x18 ./source/command_processor.o
                0x0000168c                author_handler
 .text.PORTD_IRQHandler
                0x000016a4       0x64 ./source/command_processor.o
                0x000016a4                PORTD_IRQHandler
 .text.help_handler
                0x00001708       0x80 ./source/command_processor.o
                0x00001708                help_handler
 .text.measure_handler
                0x00001788      0x1e0 ./source/command_processor.o
                0x00001788                measure_handler
 .text.set0_handler
                0x00001968       0x38 ./source/command_processor.o
                0x00001968                set0_handler
 .text.test_handler
                0x000019a0       0x1c ./source/command_processor.o
                0x000019a0                test_handler
 .text.command_processor_start
                0x000019bc      0x130 ./source/command_processor.o
                0x000019bc                command_processor_start
 .text.process_command
                0x00001aec      0x164 ./source/command_processor.o
                0x00001aec                process_command
 .text.i2c_init
                0x00001c50       0x84 ./source/i2c.o
                0x00001c50                i2c_init
 .text.i2c_busy
                0x00001cd4      0x174 ./source/i2c.o
                0x00001cd4                i2c_busy
 .text.i2c_wait
                0x00001e48       0x6c ./source/i2c.o
                0x00001e48                i2c_wait
 .text.i2c_start
                0x00001eb4       0x30 ./source/i2c.o
                0x00001eb4                i2c_start
 .text.i2c_read_setup
                0x00001ee4       0x68 ./source/i2c.o
                0x00001ee4                i2c_read_setup
 .text.i2c_repeated_read
                0x00001f4c       0x80 ./source/i2c.o
                0x00001f4c                i2c_repeated_read
 .text.i2c_write_byte
                0x00001fcc       0x80 ./source/i2c.o
                0x00001fcc                i2c_write_byte
 .text.led_init
                0x0000204c       0xb8 ./source/led.o
                0x0000204c                led_init
 .text.HardFault_Handler
                0x00002104       0x30 ./source/semihost_hardfault.o
                0x00002104                HardFault_Handler
 .text.initialize_systems
                0x00002134       0x58 ./source/state_machine.o
                0x00002134                initialize_systems
 .text.statemachine
                0x0000218c       0x3c ./source/state_machine.o
                0x0000218c                statemachine
 .text.NVIC_EnableIRQ
                0x000021c8       0x2c ./source/switch.o
 .text.NVIC_ClearPendingIRQ
                0x000021f4       0x30 ./source/switch.o
 .text.NVIC_SetPriority
                0x00002224       0xdc ./source/switch.o
 .text.init_switch
                0x00002300       0x70 ./source/switch.o
                0x00002300                init_switch
 .text.sysclock_init
                0x00002370       0x78 ./source/sysclock.o
                0x00002370                sysclock_init
 .text.test_angle
                0x000023e8       0xa0 ./source/test_accelerometer.o
                0x000023e8                test_angle
 .text.test_accelerometer
                0x00002488      0x104 ./source/test_accelerometer.o
                0x00002488                test_accelerometer
 .text.test_cbfifo
                0x0000258c     0x1ec8 ./source/test_cbfifo.o
                0x0000258c                test_cbfifo
 .text.led_test
                0x00004454       0xe4 ./source/test_led.o
                0x00004454                led_test
 .text.__assertion_failed
                0x00004538       0x1c ./drivers/fsl_common.o
                0x00004538                __assertion_failed
 .text.UART0_DriverIRQHandler
                0x00004554       0x24 ./drivers/fsl_lpsci.o
                0x00004554                UART0_DriverIRQHandler
 .text.UART1_DriverIRQHandler
                0x00004578       0x24 ./drivers/fsl_uart.o
                0x00004578                UART1_DriverIRQHandler
 .text.UART2_DriverIRQHandler
                0x0000459c       0x24 ./drivers/fsl_uart.o
                0x0000459c                UART2_DriverIRQHandler
 .text.SystemInit
                0x000045c0       0x18 ./CMSIS/system_MKL25Z4.o
                0x000045c0                SystemInit
 .text.__filbuf
                0x000045d8      0x188 d:/programfiles/mcuxpressoide_11.2.0_4120/ide/plugins/com.nxp.mcuxpresso.tools.win32_11.2.0.202001021529/tools/bin/../lib/gcc/arm-none-eabi/9.2.1/../../../../arm-none-eabi/lib/thumb/v6-m/nofp\libcr_c.a(__fillbuf.o)
                0x000045d8                __filbuf
 .text._deferredlazyseek
                0x00004760       0x40 d:/programfiles/mcuxpressoide_11.2.0_4120/ide/plugins/com.nxp.mcuxpresso.tools.win32_11.2.0.202001021529/tools/bin/../lib/gcc/arm-none-eabi/9.2.1/../../../../arm-none-eabi/lib/thumb/v6-m/nofp\libcr_c.a(_deferredlazyseek.o)
                0x00004760                _deferredlazyseek
 .text.__flsbuf
                0x000047a0      0x150 d:/programfiles/mcuxpressoide_11.2.0_4120/ide/plugins/com.nxp.mcuxpresso.tools.win32_11.2.0.202001021529/tools/bin/../lib/gcc/arm-none-eabi/9.2.1/../../../../arm-none-eabi/lib/thumb/v6-m/nofp\libcr_c.a(_deferredlazyseek.o)
                0x000047a0                __flsbuf
 .text._fflush  0x000048f0       0x60 d:/programfiles/mcuxpressoide_11.2.0_4120/ide/plugins/com.nxp.mcuxpresso.tools.win32_11.2.0.202001021529/tools/bin/../lib/gcc/arm-none-eabi/9.2.1/../../../../arm-none-eabi/lib/thumb/v6-m/nofp\libcr_c.a(_fflush.o)
                0x000048f0                _fflush
 .text._Cwritebuf
                0x00004950       0x68 d:/programfiles/mcuxpressoide_11.2.0_4120/ide/plugins/com.nxp.mcuxpresso.tools.win32_11.2.0.202001021529/tools/bin/../lib/gcc/arm-none-eabi/9.2.1/../../../../arm-none-eabi/lib/thumb/v6-m/nofp\libcr_c.a(_writebuf.o)
                0x00004950                _Cwritebuf
 .text.malloc   0x000049b8       0xd0 d:/programfiles/mcuxpressoide_11.2.0_4120/ide/plugins/com.nxp.mcuxpresso.tools.win32_11.2.0.202001021529/tools/bin/../lib/gcc/arm-none-eabi/9.2.1/../../../../arm-none-eabi/lib/thumb/v6-m/nofp\libcr_c.a(alloc.o)
                0x000049b8                malloc
 .text._Csys_alloc
                0x00004a88       0x20 d:/programfiles/mcuxpressoide_11.2.0_4120/ide/plugins/com.nxp.mcuxpresso.tools.win32_11.2.0.202001021529/tools/bin/../lib/gcc/arm-none-eabi/9.2.1/../../../../arm-none-eabi/lib/thumb/v6-m/nofp\libcr_c.a(alloc.o)
                0x00004a88                _Csys_alloc
 .text.sprintf  0x00004aa8       0x6c d:/programfiles/mcuxpressoide_11.2.0_4120/ide/plugins/com.nxp.mcuxpresso.tools.win32_11.2.0.202001021529/tools/bin/../lib/gcc/arm-none-eabi/9.2.1/../../../../arm-none-eabi/lib/thumb/v6-m/nofp\libcr_c.a(fpprintf.o)
                0x00004aa8                sprintf
 .text.fp_display
                0x00004b14      0x97c d:/programfiles/mcuxpressoide_11.2.0_4120/ide/plugins/com.nxp.mcuxpresso.tools.win32_11.2.0.202001021529/tools/bin/../lib/gcc/arm-none-eabi/9.2.1/../../../../arm-none-eabi/lib/thumb/v6-m/nofp\libcr_c.a(fpprintf.o)
 .text.vsnprintf
                0x00005490       0x70 d:/programfiles/mcuxpressoide_11.2.0_4120/ide/plugins/com.nxp.mcuxpresso.tools.win32_11.2.0.202001021529/tools/bin/../lib/gcc/arm-none-eabi/9.2.1/../../../../arm-none-eabi/lib/thumb/v6-m/nofp\libcr_c.a(fpprintf.o)
                0x00005490                vsnprintf
 .text.printf   0x00005500       0x50 d:/programfiles/mcuxpressoide_11.2.0_4120/ide/plugins/com.nxp.mcuxpresso.tools.win32_11.2.0.202001021529/tools/bin/../lib/gcc/arm-none-eabi/9.2.1/../../../../arm-none-eabi/lib/thumb/v6-m/nofp\libcr_c.a(fpprintf.o)
                0x00005500                printf
 .text.fseek    0x00005550       0xf4 d:/programfiles/mcuxpressoide_11.2.0_4120/ide/plugins/com.nxp.mcuxpresso.tools.win32_11.2.0.202001021529/tools/bin/../lib/gcc/arm-none-eabi/9.2.1/../../../../arm-none-eabi/lib/thumb/v6-m/nofp\libcr_c.a(fseek.o)
                0x00005550                fseek
 .text.ftell    0x00005644       0x48 d:/programfiles/mcuxpressoide_11.2.0_4120/ide/plugins/com.nxp.mcuxpresso.tools.win32_11.2.0.202001021529/tools/bin/../lib/gcc/arm-none-eabi/9.2.1/../../../../arm-none-eabi/lib/thumb/v6-m/nofp\libcr_c.a(ftell.o)
                0x00005644                ftell
 .text._initio  0x0000568c       0x7c d:/programfiles/mcuxpressoide_11.2.0_4120/ide/plugins/com.nxp.mcuxpresso.tools.win32_11.2.0.202001021529/tools/bin/../lib/gcc/arm-none-eabi/9.2.1/../../../../arm-none-eabi/lib/thumb/v6-m/nofp\libcr_c.a(initio.o)
                0x0000568c                _initio
 .text.modf     0x00005708       0x9c d:/programfiles/mcuxpressoide_11.2.0_4120/ide/plugins/com.nxp.mcuxpresso.tools.win32_11.2.0.202001021529/tools/bin/../lib/gcc/arm-none-eabi/9.2.1/../../../../arm-none-eabi/lib/thumb/v6-m/nofp\libcr_c.a(modf.o)
                0x00005708                modf
 .text.pow      0x000057a4      0x548 d:/programfiles/mcuxpressoide_11.2.0_4120/ide/plugins/com.nxp.mcuxpresso.tools.win32_11.2.0.202001021529/tools/bin/../lib/gcc/arm-none-eabi/9.2.1/../../../../arm-none-eabi/lib/thumb/v6-m/nofp\libcr_c.a(pow.o)
                0x000057a4                pow
 .text.__vfprintf
                0x00005cec      0xd40 d:/programfiles/mcuxpressoide_11.2.0_4120/ide/plugins/com.nxp.mcuxpresso.tools.win32_11.2.0.202001021529/tools/bin/../lib/gcc/arm-none-eabi/9.2.1/../../../../arm-none-eabi/lib/thumb/v6-m/nofp\libcr_c.a(printf.o)
                0x00005cec                __vfprintf
 .text.ch_val   0x00006a2c       0x30 d:/programfiles/mcuxpressoide_11.2.0_4120/ide/plugins/com.nxp.mcuxpresso.tools.win32_11.2.0.202001021529/tools/bin/../lib/gcc/arm-none-eabi/9.2.1/../../../../arm-none-eabi/lib/thumb/v6-m/nofp\libcr_c.a(scanf.o)
 .text.cr_rd_int
                0x00006a5c      0x1c0 d:/programfiles/mcuxpressoide_11.2.0_4120/ide/plugins/com.nxp.mcuxpresso.tools.win32_11.2.0.202001021529/tools/bin/../lib/gcc/arm-none-eabi/9.2.1/../../../../arm-none-eabi/lib/thumb/v6-m/nofp\libcr_c.a(scanf.o)
 .text.vfscanf  0x00006c1c      0x998 d:/programfiles/mcuxpressoide_11.2.0_4120/ide/plugins/com.nxp.mcuxpresso.tools.win32_11.2.0.202001021529/tools/bin/../lib/gcc/arm-none-eabi/9.2.1/../../../../arm-none-eabi/lib/thumb/v6-m/nofp\libcr_c.a(scanf.o)
                0x00006c1c                vfscanf
 .text.strtod   0x000075b4       0x38 d:/programfiles/mcuxpressoide_11.2.0_4120/ide/plugins/com.nxp.mcuxpresso.tools.win32_11.2.0.202001021529/tools/bin/../lib/gcc/arm-none-eabi/9.2.1/../../../../arm-none-eabi/lib/thumb/v6-m/nofp\libcr_c.a(scanf.o)
                0x000075b4                strtod
 .text.atof     0x000075ec       0x14 d:/programfiles/mcuxpressoide_11.2.0_4120/ide/plugins/com.nxp.mcuxpresso.tools.win32_11.2.0.202001021529/tools/bin/../lib/gcc/arm-none-eabi/9.2.1/../../../../arm-none-eabi/lib/thumb/v6-m/nofp\libcr_c.a(scanf.o)
                0x000075ec                atof
 .text.setvbuf  0x00007600       0x4c d:/programfiles/mcuxpressoide_11.2.0_4120/ide/plugins/com.nxp.mcuxpresso.tools.win32_11.2.0.202001021529/tools/bin/../lib/gcc/arm-none-eabi/9.2.1/../../../../arm-none-eabi/lib/thumb/v6-m/nofp\libcr_c.a(setvbuf.o)
                0x00007600                setvbuf
 .text.sqrt     0x0000764c      0x130 d:/programfiles/mcuxpressoide_11.2.0_4120/ide/plugins/com.nxp.mcuxpresso.tools.win32_11.2.0.202001021529/tools/bin/../lib/gcc/arm-none-eabi/9.2.1/../../../../arm-none-eabi/lib/thumb/v6-m/nofp\libcr_c.a(sqrt.o)
                0x0000764c                sqrt
 .text.strlen   0x0000777c       0x58 d:/programfiles/mcuxpressoide_11.2.0_4120/ide/plugins/com.nxp.mcuxpresso.tools.win32_11.2.0.202001021529/tools/bin/../lib/gcc/arm-none-eabi/9.2.1/../../../../arm-none-eabi/lib/thumb/v6-m/nofp\libcr_c.a(strlen.o)
                0x0000777c                strlen
 .text.strncmp  0x000077d4       0x50 d:/programfiles/mcuxpressoide_11.2.0_4120/ide/plugins/com.nxp.mcuxpresso.tools.win32_11.2.0.202001021529/tools/bin/../lib/gcc/arm-none-eabi/9.2.1/../../../../arm-none-eabi/lib/thumb/v6-m/nofp\libcr_c.a(strncmp.o)
                0x000077d4                strncmp
 .text.ungetc   0x00007824       0x3c d:/programfiles/mcuxpressoide_11.2.0_4120/ide/plugins/com.nxp.mcuxpresso.tools.win32_11.2.0.202001021529/tools/bin/../lib/gcc/arm-none-eabi/9.2.1/../../../../arm-none-eabi/lib/thumb/v6-m/nofp\libcr_c.a(ungetc.o)
                0x00007824                ungetc
 .text._asinacos
                0x00007860      0x270 d:/programfiles/mcuxpressoide_11.2.0_4120/ide/plugins/com.nxp.mcuxpresso.tools.win32_11.2.0.202001021529/tools/bin/../lib/gcc/arm-none-eabi/9.2.1/../../../../arm-none-eabi/lib/thumb/v6-m/nofp\libcr_c.a(_asinacos.o)
                0x00007860                _asinacos
 .text._sbrk    0x00007ad0       0x44 d:/programfiles/mcuxpressoide_11.2.0_4120/ide/plugins/com.nxp.mcuxpresso.tools.win32_11.2.0.202001021529/tools/bin/../lib/gcc/arm-none-eabi/9.2.1/../../../../arm-none-eabi/lib/thumb/v6-m/nofp\libcr_c.a(_cr_sbrk.o)
                0x00007ad0                _sbrk
 .text._fdopen  0x00007b14       0x74 d:/programfiles/mcuxpressoide_11.2.0_4120/ide/plugins/com.nxp.mcuxpresso.tools.win32_11.2.0.202001021529/tools/bin/../lib/gcc/arm-none-eabi/9.2.1/../../../../arm-none-eabi/lib/thumb/v6-m/nofp\libcr_c.a(_fdopen.o)
                0x00007b14                _fdopen
 .text._frexpl  0x00007b88       0x80 d:/programfiles/mcuxpressoide_11.2.0_4120/ide/plugins/com.nxp.mcuxpresso.tools.win32_11.2.0.202001021529/tools/bin/../lib/gcc/arm-none-eabi/9.2.1/../../../../arm-none-eabi/lib/thumb/v6-m/nofp\libcr_c.a(_frexpl.o)
                0x00007b88                _frexpl
 .text._ldexpl  0x00007c08       0x58 d:/programfiles/mcuxpressoide_11.2.0_4120/ide/plugins/com.nxp.mcuxpresso.tools.win32_11.2.0.202001021529/tools/bin/../lib/gcc/arm-none-eabi/9.2.1/../../../../arm-none-eabi/lib/thumb/v6-m/nofp\libcr_c.a(_ldexpl.o)
                0x00007c08                _ldexpl
 .text.tolower  0x00007c60       0x14 d:/programfiles/mcuxpressoide_11.2.0_4120/ide/plugins/com.nxp.mcuxpresso.tools.win32_11.2.0.202001021529/tools/bin/../lib/gcc/arm-none-eabi/9.2.1/../../../../arm-none-eabi/lib/thumb/v6-m/nofp\libcr_c.a(ctype.o)
                0x00007c60                tolower
 .text.fclose   0x00007c74       0x5c d:/programfiles/mcuxpressoide_11.2.0_4120/ide/plugins/com.nxp.mcuxpresso.tools.win32_11.2.0.202001021529/tools/bin/../lib/gcc/arm-none-eabi/9.2.1/../../../../arm-none-eabi/lib/thumb/v6-m/nofp\libcr_c.a(fclose.o)
                0x00007c74                fclose
 .text.fflush   0x00007cd0       0x44 d:/programfiles/mcuxpressoide_11.2.0_4120/ide/plugins/com.nxp.mcuxpresso.tools.win32_11.2.0.202001021529/tools/bin/../lib/gcc/arm-none-eabi/9.2.1/../../../../arm-none-eabi/lib/thumb/v6-m/nofp\libcr_c.a(fflush.o)
                0x00007cd0                fflush
 .text.frexp    0x00007d14       0x80 d:/programfiles/mcuxpressoide_11.2.0_4120/ide/plugins/com.nxp.mcuxpresso.tools.win32_11.2.0.202001021529/tools/bin/../lib/gcc/arm-none-eabi/9.2.1/../../../../arm-none-eabi/lib/thumb/v6-m/nofp\libcr_c.a(frexp.o)
                0x00007d14                frexp
 .text.ldexp    0x00007d94       0x58 d:/programfiles/mcuxpressoide_11.2.0_4120/ide/plugins/com.nxp.mcuxpresso.tools.win32_11.2.0.202001021529/tools/bin/../lib/gcc/arm-none-eabi/9.2.1/../../../../arm-none-eabi/lib/thumb/v6-m/nofp\libcr_c.a(ldexp.o)
                0x00007d94                ldexp
 .text.__check_heap_overflow
                0x00007dec       0x14 d:/programfiles/mcuxpressoide_11.2.0_4120/ide/plugins/com.nxp.mcuxpresso.tools.win32_11.2.0.202001021529/tools/bin/../lib/gcc/arm-none-eabi/9.2.1/../../../../arm-none-eabi/lib/thumb/v6-m/nofp\libcr_c.a(_cr_check_heap.o)
                0x00007dec                __check_heap_overflow
 .text._do_fflush
                0x00007e00       0x48 d:/programfiles/mcuxpressoide_11.2.0_4120/ide/plugins/com.nxp.mcuxpresso.tools.win32_11.2.0.202001021529/tools/bin/../lib/gcc/arm-none-eabi/9.2.1/../../../../arm-none-eabi/lib/thumb/v6-m/nofp\libcr_c.a(_do_fflush.o)
                0x00007e00                _do_fflush
 .text.__aeabi_dmul
                0x00007e48      0x184 d:/programfiles/mcuxpressoide_11.2.0_4120/ide/plugins/com.nxp.mcuxpresso.tools.win32_11.2.0.202001021529/tools/bin/../lib/gcc/arm-none-eabi/9.2.1/thumb/v6-m/nofp\libcr_eabihelpers.a(double.o)
                0x00007e48                __aeabi_dmul
 .text.__aeabi_ddiv
                0x00007fcc      0x150 d:/programfiles/mcuxpressoide_11.2.0_4120/ide/plugins/com.nxp.mcuxpresso.tools.win32_11.2.0.202001021529/tools/bin/../lib/gcc/arm-none-eabi/9.2.1/thumb/v6-m/nofp\libcr_eabihelpers.a(double.o)
                0x00007fcc                __aeabi_ddiv
 .text.__aeabi_dsub
                0x0000811c      0x1e4 d:/programfiles/mcuxpressoide_11.2.0_4120/ide/plugins/com.nxp.mcuxpresso.tools.win32_11.2.0.202001021529/tools/bin/../lib/gcc/arm-none-eabi/9.2.1/thumb/v6-m/nofp\libcr_eabihelpers.a(double.o)
                0x0000811c                __aeabi_dsub
 .text.__aeabi_dadd
                0x00008300      0x134 d:/programfiles/mcuxpressoide_11.2.0_4120/ide/plugins/com.nxp.mcuxpresso.tools.win32_11.2.0.202001021529/tools/bin/../lib/gcc/arm-none-eabi/9.2.1/thumb/v6-m/nofp\libcr_eabihelpers.a(double.o)
                0x00008300                __aeabi_dadd
 .text.__aeabi_d2f
                0x00008434       0x60 d:/programfiles/mcuxpressoide_11.2.0_4120/ide/plugins/com.nxp.mcuxpresso.tools.win32_11.2.0.202001021529/tools/bin/../lib/gcc/arm-none-eabi/9.2.1/thumb/v6-m/nofp\libcr_eabihelpers.a(double.o)
                0x00008434                __aeabi_d2f
 .text.__aeabi_d2iz
                0x00008494       0x50 d:/programfiles/mcuxpressoide_11.2.0_4120/ide/plugins/com.nxp.mcuxpresso.tools.win32_11.2.0.202001021529/tools/bin/../lib/gcc/arm-none-eabi/9.2.1/thumb/v6-m/nofp\libcr_eabihelpers.a(double.o)
                0x00008494                __aeabi_d2iz
 .text.__aeabi_d2uiz
                0x000084e4       0x38 d:/programfiles/mcuxpressoide_11.2.0_4120/ide/plugins/com.nxp.mcuxpresso.tools.win32_11.2.0.202001021529/tools/bin/../lib/gcc/arm-none-eabi/9.2.1/thumb/v6-m/nofp\libcr_eabihelpers.a(double.o)
                0x000084e4                __aeabi_d2uiz
 .text.__aeabi_d2lz
                0x0000851c       0x80 d:/programfiles/mcuxpressoide_11.2.0_4120/ide/plugins/com.nxp.mcuxpresso.tools.win32_11.2.0.202001021529/tools/bin/../lib/gcc/arm-none-eabi/9.2.1/thumb/v6-m/nofp\libcr_eabihelpers.a(double.o)
                0x0000851c                __aeabi_d2lz
 .text.__bhs_ul2d
                0x0000859c       0xac d:/programfiles/mcuxpressoide_11.2.0_4120/ide/plugins/com.nxp.mcuxpresso.tools.win32_11.2.0.202001021529/tools/bin/../lib/gcc/arm-none-eabi/9.2.1/thumb/v6-m/nofp\libcr_eabihelpers.a(double.o)
                0x0000859c                __bhs_ul2d
 .text.__aeabi_dcmpeq
                0x00008648       0x30 d:/programfiles/mcuxpressoide_11.2.0_4120/ide/plugins/com.nxp.mcuxpresso.tools.win32_11.2.0.202001021529/tools/bin/../lib/gcc/arm-none-eabi/9.2.1/thumb/v6-m/nofp\libcr_eabihelpers.a(double.o)
                0x00008648                __aeabi_dcmpeq
 .text.__aeabi_dcmplt
                0x00008678       0x60 d:/programfiles/mcuxpressoide_11.2.0_4120/ide/plugins/com.nxp.mcuxpresso.tools.win32_11.2.0.202001021529/tools/bin/../lib/gcc/arm-none-eabi/9.2.1/thumb/v6-m/nofp\libcr_eabihelpers.a(double.o)
                0x00008678                __aeabi_dcmplt
 .text.__aeabi_dcmpgt
                0x000086d8       0x5c d:/programfiles/mcuxpressoide_11.2.0_4120/ide/plugins/com.nxp.mcuxpresso.tools.win32_11.2.0.202001021529/tools/bin/../lib/gcc/arm-none-eabi/9.2.1/thumb/v6-m/nofp\libcr_eabihelpers.a(double.o)
                0x000086d8                __aeabi_dcmpgt
 .text.__aeabi_dcmple
                0x00008734       0x60 d:/programfiles/mcuxpressoide_11.2.0_4120/ide/plugins/com.nxp.mcuxpresso.tools.win32_11.2.0.202001021529/tools/bin/../lib/gcc/arm-none-eabi/9.2.1/thumb/v6-m/nofp\libcr_eabihelpers.a(double.o)
                0x00008734                __aeabi_dcmple
 .text.__aeabi_dcmpge
                0x00008794       0x64 d:/programfiles/mcuxpressoide_11.2.0_4120/ide/plugins/com.nxp.mcuxpresso.tools.win32_11.2.0.202001021529/tools/bin/../lib/gcc/arm-none-eabi/9.2.1/thumb/v6-m/nofp\libcr_eabihelpers.a(double.o)
                0x00008794                __aeabi_dcmpge
 .text.__aeabi_fmul
                0x000087f8       0xc0 d:/programfiles/mcuxpressoide_11.2.0_4120/ide/plugins/com.nxp.mcuxpresso.tools.win32_11.2.0.202001021529/tools/bin/../lib/gcc/arm-none-eabi/9.2.1/thumb/v6-m/nofp\libcr_eabihelpers.a(float.o)
                0x000087f8                __aeabi_fmul
 .text.__aeabi_fdiv
                0x000088b8       0xe4 d:/programfiles/mcuxpressoide_11.2.0_4120/ide/plugins/com.nxp.mcuxpresso.tools.win32_11.2.0.202001021529/tools/bin/../lib/gcc/arm-none-eabi/9.2.1/thumb/v6-m/nofp\libcr_eabihelpers.a(float.o)
                0x000088b8                __aeabi_fdiv
 .text.__aeabi_fsub
                0x0000899c      0x124 d:/programfiles/mcuxpressoide_11.2.0_4120/ide/plugins/com.nxp.mcuxpresso.tools.win32_11.2.0.202001021529/tools/bin/../lib/gcc/arm-none-eabi/9.2.1/thumb/v6-m/nofp\libcr_eabihelpers.a(float.o)
                0x0000899c                __aeabi_fsub
 .text.__aeabi_fadd
                0x00008ac0       0xac d:/programfiles/mcuxpressoide_11.2.0_4120/ide/plugins/com.nxp.mcuxpresso.tools.win32_11.2.0.202001021529/tools/bin/../lib/gcc/arm-none-eabi/9.2.1/thumb/v6-m/nofp\libcr_eabihelpers.a(float.o)
                0x00008ac0                __aeabi_fadd
 .text.__aeabi_f2iz
                0x00008b6c       0x3c d:/programfiles/mcuxpressoide_11.2.0_4120/ide/plugins/com.nxp.mcuxpresso.tools.win32_11.2.0.202001021529/tools/bin/../lib/gcc/arm-none-eabi/9.2.1/thumb/v6-m/nofp\libcr_eabihelpers.a(float.o)
                0x00008b6c                __aeabi_f2iz
 .text.__aeabi_f2d
                0x00008ba8       0x40 d:/programfiles/mcuxpressoide_11.2.0_4120/ide/plugins/com.nxp.mcuxpresso.tools.win32_11.2.0.202001021529/tools/bin/../lib/gcc/arm-none-eabi/9.2.1/thumb/v6-m/nofp\libcr_eabihelpers.a(float.o)
                0x00008ba8                __aeabi_f2d
 .text.DbgConsole_PrintfPaddingCharacter
                0x00008be8       0x48 ./utilities/fsl_debug_console.o
 .text.DbgConsole_ConvertRadixNumToString
                0x00008c30      0x114 ./utilities/fsl_debug_console.o
 .text.DbgConsole_PrintfFormattedData
                0x00008d44      0x378 ./utilities/fsl_debug_console.o
 .text.init_mma
                0x000090bc       0x16 ./source/Accelerometer.o
                0x000090bc                init_mma
 .text.main     0x000090d2       0x10 ./source/Final_Project.o
                0x000090d2                main
 .text.__sys_readc
                0x000090e2       0x34 ./source/UART.o
                0x000090e2                __sys_readc
 .text.cbfifo_capacity
                0x00009116       0x18 ./source/cbfifo.o
                0x00009116                cbfifo_capacity
 .text.test_system
                0x0000912e       0x12 ./source/state_machine.o
                0x0000912e                test_system
 .text.init_switch_interrupt
                0x00009140       0x22 ./source/switch.o
                0x00009140                init_switch_interrupt
 .text.__main   0x00009162        0xc d:/programfiles/mcuxpressoide_11.2.0_4120/ide/plugins/com.nxp.mcuxpresso.tools.win32_11.2.0.202001021529/tools/bin/../lib/gcc/arm-none-eabi/9.2.1/../../../../arm-none-eabi/lib/thumb/v6-m/nofp\libcr_nohost_nf.a(_cr__main.o)
                0x00009162                __main
 .text.memset   0x0000916e        0x8 d:/programfiles/mcuxpressoide_11.2.0_4120/ide/plugins/com.nxp.mcuxpresso.tools.win32_11.2.0.202001021529/tools/bin/../lib/gcc/arm-none-eabi/9.2.1/../../../../arm-none-eabi/lib/thumb/v6-m/nofp\libcr_c.a(memset.o)
                0x0000916e                memset
 .text._Csys_read_
                0x00009176       0x24 d:/programfiles/mcuxpressoide_11.2.0_4120/ide/plugins/com.nxp.mcuxpresso.tools.win32_11.2.0.202001021529/tools/bin/../lib/gcc/arm-none-eabi/9.2.1/../../../../arm-none-eabi/lib/thumb/v6-m/nofp\libcr_c.a(__fillbuf.o)
                0x00009176                _Csys_read_
 .text.acos     0x0000919a        0xa d:/programfiles/mcuxpressoide_11.2.0_4120/ide/plugins/com.nxp.mcuxpresso.tools.win32_11.2.0.202001021529/tools/bin/../lib/gcc/arm-none-eabi/9.2.1/../../../../arm-none-eabi/lib/thumb/v6-m/nofp\libcr_c.a(acos.o)
                0x0000919a                acos
 .text.free     0x000091a4       0x2c d:/programfiles/mcuxpressoide_11.2.0_4120/ide/plugins/com.nxp.mcuxpresso.tools.win32_11.2.0.202001021529/tools/bin/../lib/gcc/arm-none-eabi/9.2.1/../../../../arm-none-eabi/lib/thumb/v6-m/nofp\libcr_c.a(alloc.o)
                0x000091a4                free
 .text.fabs     0x000091d0       0x22 d:/programfiles/mcuxpressoide_11.2.0_4120/ide/plugins/com.nxp.mcuxpresso.tools.win32_11.2.0.202001021529/tools/bin/../lib/gcc/arm-none-eabi/9.2.1/../../../../arm-none-eabi/lib/thumb/v6-m/nofp\libcr_c.a(fabs.o)
                0x000091d0                fabs
 .text.fp_round
                0x000091f2       0x4a d:/programfiles/mcuxpressoide_11.2.0_4120/ide/plugins/com.nxp.mcuxpresso.tools.win32_11.2.0.202001021529/tools/bin/../lib/gcc/arm-none-eabi/9.2.1/../../../../arm-none-eabi/lib/thumb/v6-m/nofp\libcr_c.a(fpprintf.o)
 .text.pr_dec.constprop.0
                0x0000923c       0x30 d:/programfiles/mcuxpressoide_11.2.0_4120/ide/plugins/com.nxp.mcuxpresso.tools.win32_11.2.0.202001021529/tools/bin/../lib/gcc/arm-none-eabi/9.2.1/../../../../arm-none-eabi/lib/thumb/v6-m/nofp\libcr_c.a(fpprintf.o)
 .text.sscanf   0x0000926c       0x3c d:/programfiles/mcuxpressoide_11.2.0_4120/ide/plugins/com.nxp.mcuxpresso.tools.win32_11.2.0.202001021529/tools/bin/../lib/gcc/arm-none-eabi/9.2.1/../../../../arm-none-eabi/lib/thumb/v6-m/nofp\libcr_c.a(scanf.o)
                0x0000926c                sscanf
 .text.strcasecmp
                0x000092a8       0x32 d:/programfiles/mcuxpressoide_11.2.0_4120/ide/plugins/com.nxp.mcuxpresso.tools.win32_11.2.0.202001021529/tools/bin/../lib/gcc/arm-none-eabi/9.2.1/../../../../arm-none-eabi/lib/thumb/v6-m/nofp\libcr_c.a(strcasecmp.o)
                0x000092a8                strcasecmp
 .text.remove   0x000092da       0x12 d:/programfiles/mcuxpressoide_11.2.0_4120/ide/plugins/com.nxp.mcuxpresso.tools.win32_11.2.0.202001021529/tools/bin/../lib/gcc/arm-none-eabi/9.2.1/../../../../arm-none-eabi/lib/thumb/v6-m/nofp\libcr_c.a(remove.o)
                0x000092da                remove
 .text.__aeabi_division_idivmod
                0x000092ec       0x78 d:/programfiles/mcuxpressoide_11.2.0_4120/ide/plugins/com.nxp.mcuxpresso.tools.win32_11.2.0.202001021529/tools/bin/../lib/gcc/arm-none-eabi/9.2.1/thumb/v6-m/nofp\libcr_eabihelpers.a(division_32.o)
                0x000092ec                __aeabi_idivmod
                0x000092ec                __aeabi_idiv
                0x000092f2                __aeabi_uidivmod
                0x000092f2                __aeabi_uidiv
 .text.__aeabi_division_idiv0
                0x00009364        0x2 d:/programfiles/mcuxpressoide_11.2.0_4120/ide/plugins/com.nxp.mcuxpresso.tools.win32_11.2.0.202001021529/tools/bin/../lib/gcc/arm-none-eabi/9.2.1/thumb/v6-m/nofp\libcr_eabihelpers.a(division_idiv0.o)
                0x00009364                __aeabi_idiv0
 .text.__bhs_ui2d
                0x00009366       0x5e d:/programfiles/mcuxpressoide_11.2.0_4120/ide/plugins/com.nxp.mcuxpresso.tools.win32_11.2.0.202001021529/tools/bin/../lib/gcc/arm-none-eabi/9.2.1/thumb/v6-m/nofp\libcr_eabihelpers.a(double.o)
                0x00009366                __bhs_ui2d
 .text.__aeabi_i2d
                0x000093c4       0x18 d:/programfiles/mcuxpressoide_11.2.0_4120/ide/plugins/com.nxp.mcuxpresso.tools.win32_11.2.0.202001021529/tools/bin/../lib/gcc/arm-none-eabi/9.2.1/thumb/v6-m/nofp\libcr_eabihelpers.a(double.o)
                0x000093c4                __aeabi_i2d
 .text.__aeabi_ui2d
                0x000093dc        0xc d:/programfiles/mcuxpressoide_11.2.0_4120/ide/plugins/com.nxp.mcuxpresso.tools.win32_11.2.0.202001021529/tools/bin/../lib/gcc/arm-none-eabi/9.2.1/thumb/v6-m/nofp\libcr_eabihelpers.a(double.o)
                0x000093dc                __aeabi_ui2d
 .text.__aeabi_l2d
                0x000093e8       0x24 d:/programfiles/mcuxpressoide_11.2.0_4120/ide/plugins/com.nxp.mcuxpresso.tools.win32_11.2.0.202001021529/tools/bin/../lib/gcc/arm-none-eabi/9.2.1/thumb/v6-m/nofp\libcr_eabihelpers.a(double.o)
                0x000093e8                __aeabi_l2d
 .text.__bhs_ui2f
                0x0000940c       0x62 d:/programfiles/mcuxpressoide_11.2.0_4120/ide/plugins/com.nxp.mcuxpresso.tools.win32_11.2.0.202001021529/tools/bin/../lib/gcc/arm-none-eabi/9.2.1/thumb/v6-m/nofp\libcr_eabihelpers.a(float.o)
                0x0000940c                __bhs_ui2f
 .text.__aeabi_i2f
                0x0000946e       0x18 d:/programfiles/mcuxpressoide_11.2.0_4120/ide/plugins/com.nxp.mcuxpresso.tools.win32_11.2.0.202001021529/tools/bin/../lib/gcc/arm-none-eabi/9.2.1/thumb/v6-m/nofp\libcr_eabihelpers.a(float.o)
                0x0000946e                __aeabi_i2f
 .text.__aeabi_fcmpeq
                0x00009486       0x20 d:/programfiles/mcuxpressoide_11.2.0_4120/ide/plugins/com.nxp.mcuxpresso.tools.win32_11.2.0.202001021529/tools/bin/../lib/gcc/arm-none-eabi/9.2.1/thumb/v6-m/nofp\libcr_eabihelpers.a(float.o)
                0x00009486                __aeabi_fcmpeq
 .text.__aeabi_fcmplt
                0x000094a6       0x44 d:/programfiles/mcuxpressoide_11.2.0_4120/ide/plugins/com.nxp.mcuxpresso.tools.win32_11.2.0.202001021529/tools/bin/../lib/gcc/arm-none-eabi/9.2.1/thumb/v6-m/nofp\libcr_eabihelpers.a(float.o)
                0x000094a6                __aeabi_fcmplt
 .text.__aeabi_fcmpgt
                0x000094ea       0x3e d:/programfiles/mcuxpressoide_11.2.0_4120/ide/plugins/com.nxp.mcuxpresso.tools.win32_11.2.0.202001021529/tools/bin/../lib/gcc/arm-none-eabi/9.2.1/thumb/v6-m/nofp\libcr_eabihelpers.a(float.o)
                0x000094ea                __aeabi_fcmpgt
 .text.__aeabi_llong_lmul
                0x00009528       0x2e d:/programfiles/mcuxpressoide_11.2.0_4120/ide/plugins/com.nxp.mcuxpresso.tools.win32_11.2.0.202001021529/tools/bin/../lib/gcc/arm-none-eabi/9.2.1/thumb/v6-m/nofp\libcr_eabihelpers.a(llong.o)
                0x00009528                __aeabi_lmul
 .text.__aeabi_memset_lowlevel
                0x00009556       0x2a d:/programfiles/mcuxpressoide_11.2.0_4120/ide/plugins/com.nxp.mcuxpresso.tools.win32_11.2.0.202001021529/tools/bin/../lib/gcc/arm-none-eabi/9.2.1/thumb/v6-m/nofp\libcr_eabihelpers.a(memcpy.o)
                0x00009556                __aeabi_lowlevel_memset
 .text.__gnu_thumb1_case_shi
                0x00009580       0x10 d:/programfiles/mcuxpressoide_11.2.0_4120/ide/plugins/com.nxp.mcuxpresso.tools.win32_11.2.0.202001021529/tools/bin/../lib/gcc/arm-none-eabi/9.2.1/thumb/v6-m/nofp\libcr_eabihelpers.a(thumb1_switch_helpers.o)
                0x00009580                __gnu_thumb1_case_shi
 .text.__sys_appexit
                0x00009590        0x2 d:/programfiles/mcuxpressoide_11.2.0_4120/ide/plugins/com.nxp.mcuxpresso.tools.win32_11.2.0.202001021529/tools/bin/../lib/gcc/arm-none-eabi/9.2.1/../../../../arm-none-eabi/lib/thumb/v6-m/nofp\libcr_nohost_nf.a(__sys_appexit.o)
                0x00009590                __sys_appexit
                0x00009590                __exit
 .text.__sys_close
                0x00009592        0x6 d:/programfiles/mcuxpressoide_11.2.0_4120/ide/plugins/com.nxp.mcuxpresso.tools.win32_11.2.0.202001021529/tools/bin/../lib/gcc/arm-none-eabi/9.2.1/../../../../arm-none-eabi/lib/thumb/v6-m/nofp\libcr_nohost_nf.a(__sys_close.o)
                0x00009592                __sys_close
 .text.__sys_flen
                0x00009598        0x6 d:/programfiles/mcuxpressoide_11.2.0_4120/ide/plugins/com.nxp.mcuxpresso.tools.win32_11.2.0.202001021529/tools/bin/../lib/gcc/arm-none-eabi/9.2.1/../../../../arm-none-eabi/lib/thumb/v6-m/nofp\libcr_nohost_nf.a(__sys_flen.o)
                0x00009598                __sys_flen
 .text.__sys_istty
                0x0000959e        0x6 d:/programfiles/mcuxpressoide_11.2.0_4120/ide/plugins/com.nxp.mcuxpresso.tools.win32_11.2.0.202001021529/tools/bin/../lib/gcc/arm-none-eabi/9.2.1/../../../../arm-none-eabi/lib/thumb/v6-m/nofp\libcr_nohost_nf.a(__sys_istty.o)
                0x0000959e                __sys_istty
 .text.__sys_read
                0x000095a4        0x4 d:/programfiles/mcuxpressoide_11.2.0_4120/ide/plugins/com.nxp.mcuxpresso.tools.win32_11.2.0.202001021529/tools/bin/../lib/gcc/arm-none-eabi/9.2.1/../../../../arm-none-eabi/lib/thumb/v6-m/nofp\libcr_nohost_nf.a(__sys_read.o)
                0x000095a4                __sys_read
 .text.__sys_remove
                0x000095a8        0x6 d:/programfiles/mcuxpressoide_11.2.0_4120/ide/plugins/com.nxp.mcuxpresso.tools.win32_11.2.0.202001021529/tools/bin/../lib/gcc/arm-none-eabi/9.2.1/../../../../arm-none-eabi/lib/thumb/v6-m/nofp\libcr_nohost_nf.a(__sys_remove.o)
                0x000095a8                __sys_remove
 .text.__sys_seek
                0x000095ae        0x6 d:/programfiles/mcuxpressoide_11.2.0_4120/ide/plugins/com.nxp.mcuxpresso.tools.win32_11.2.0.202001021529/tools/bin/../lib/gcc/arm-none-eabi/9.2.1/../../../../arm-none-eabi/lib/thumb/v6-m/nofp\libcr_nohost_nf.a(__sys_seek.o)
                0x000095ae                __sys_seek
 .text.__sys_tmpnam
                0x000095b4        0x6 d:/programfiles/mcuxpressoide_11.2.0_4120/ide/plugins/com.nxp.mcuxpresso.tools.win32_11.2.0.202001021529/tools/bin/../lib/gcc/arm-none-eabi/9.2.1/../../../../arm-none-eabi/lib/thumb/v6-m/nofp\libcr_nohost_nf.a(__sys_tmpnam.o)
                0x000095b4                __sys_tmpnam
 *(SORT_BY_ALIGNMENT(.rodata) SORT_BY_ALIGNMENT(.rodata.*) SORT_BY_ALIGNMENT(.constdata) SORT_BY_ALIGNMENT(.constdata.*))
 *fill*         0x000095ba        0x6 ff
 .rodata.a1.3959
                0x000095c0       0x88 d:/programfiles/mcuxpressoide_11.2.0_4120/ide/plugins/com.nxp.mcuxpresso.tools.win32_11.2.0.202001021529/tools/bin/../lib/gcc/arm-none-eabi/9.2.1/../../../../arm-none-eabi/lib/thumb/v6-m/nofp\libcr_c.a(pow.o)
 .rodata.a2.3960
                0x00009648       0x40 d:/programfiles/mcuxpressoide_11.2.0_4120/ide/plugins/com.nxp.mcuxpresso.tools.win32_11.2.0.202001021529/tools/bin/../lib/gcc/arm-none-eabi/9.2.1/../../../../arm-none-eabi/lib/thumb/v6-m/nofp\libcr_c.a(pow.o)
 .rodata.a.3952
                0x00009688       0x10 d:/programfiles/mcuxpressoide_11.2.0_4120/ide/plugins/com.nxp.mcuxpresso.tools.win32_11.2.0.202001021529/tools/bin/../lib/gcc/arm-none-eabi/9.2.1/../../../../arm-none-eabi/lib/thumb/v6-m/nofp\libcr_c.a(_asinacos.o)
 .rodata.b.3953
                0x00009698       0x10 d:/programfiles/mcuxpressoide_11.2.0_4120/ide/plugins/com.nxp.mcuxpresso.tools.win32_11.2.0.202001021529/tools/bin/../lib/gcc/arm-none-eabi/9.2.1/../../../../arm-none-eabi/lib/thumb/v6-m/nofp\libcr_c.a(_asinacos.o)
 .rodata.str1.4
                0x000096a8      0x132 ./source/command_processor.o
 *fill*         0x000097da        0x2 ff
 .rodata.commands
                0x000097dc       0x3c ./source/command_processor.o
 .rodata.author_handler.str1.4
                0x00009818        0xe ./source/command_processor.o
 *fill*         0x00009826        0x2 ff
 .rodata.PORTD_IRQHandler.str1.4
                0x00009828       0x27 ./source/command_processor.o
 *fill*         0x0000984f        0x1 ff
 .rodata.help_handler.str1.4
                0x00009850        0x3 ./source/command_processor.o
 *fill*         0x00009853        0x1 ff
 .rodata.measure_handler.str1.4
                0x00009854       0x54 ./source/command_processor.o
 .rodata.test_handler.str1.4
                0x000098a8       0x15 ./source/command_processor.o
 *fill*         0x000098bd        0x3 ff
 .rodata.command_processor_start.str1.4
                0x000098c0      0x199 ./source/command_processor.o
 *fill*         0x00009a59        0x3 ff
 .rodata.process_command.str1.4
                0x00009a5c       0x14 ./source/command_processor.o
                                 0x17 (size before relaxing)
 .rodata.initialize_systems.str1.4
                0x00009a70       0x24 ./source/state_machine.o
 .rodata.test_angle.str1.4
                0x00009a94        0xe ./source/test_accelerometer.o
                                 0x1a (size before relaxing)
 *fill*         0x00009aa2        0x2 ff
 .rodata.test_accelerometer.str1.4
                0x00009aa4      0x159 ./source/test_accelerometer.o
 *fill*         0x00009bfd        0x3 ff
 .rodata.test_cbfifo.str1.4
                0x00009c00     0x34e0 ./source/test_cbfifo.o
 .rodata.led_test.str1.4
                0x0000d0e0       0x7a ./source/test_led.o
 *fill*         0x0000d15a        0x2 ff
 .rodata.__assertion_failed.str1.4
                0x0000d15c        0x4 ./drivers/fsl_common.o
 .rodata.__num_Ciob_streams
                0x0000d160        0x4 d:/programfiles/mcuxpressoide_11.2.0_4120/ide/plugins/com.nxp.mcuxpresso.tools.win32_11.2.0.202001021529/tools/bin/../lib/gcc/arm-none-eabi/9.2.1/../../../../arm-none-eabi/lib/thumb/v6-m/nofp\libcr_nohost_nf.a(__ciob.o)
                0x0000d160                __num_Ciob_streams
 .rodata._Csys_alloc.str1.1
                0x0000d164       0x18 d:/programfiles/mcuxpressoide_11.2.0_4120/ide/plugins/com.nxp.mcuxpresso.tools.win32_11.2.0.202001021529/tools/bin/../lib/gcc/arm-none-eabi/9.2.1/../../../../arm-none-eabi/lib/thumb/v6-m/nofp\libcr_c.a(alloc.o)
 .rodata.fp_display.str1.1
                0x0000d17c       0x34 d:/programfiles/mcuxpressoide_11.2.0_4120/ide/plugins/com.nxp.mcuxpresso.tools.win32_11.2.0.202001021529/tools/bin/../lib/gcc/arm-none-eabi/9.2.1/../../../../arm-none-eabi/lib/thumb/v6-m/nofp\libcr_c.a(fpprintf.o)
                                 0x35 (size before relaxing)
 .rodata._initio.str1.1
                0x0000d1b0        0x4 d:/programfiles/mcuxpressoide_11.2.0_4120/ide/plugins/com.nxp.mcuxpresso.tools.win32_11.2.0.202001021529/tools/bin/../lib/gcc/arm-none-eabi/9.2.1/../../../../arm-none-eabi/lib/thumb/v6-m/nofp\libcr_c.a(initio.o)
 .rodata.__vfprintf.str1.1
                0x0000d1b4       0x31 d:/programfiles/mcuxpressoide_11.2.0_4120/ide/plugins/com.nxp.mcuxpresso.tools.win32_11.2.0.202001021529/tools/bin/../lib/gcc/arm-none-eabi/9.2.1/../../../../arm-none-eabi/lib/thumb/v6-m/nofp\libcr_c.a(printf.o)
                                 0x38 (size before relaxing)
 .rodata.strtod.str1.1
                0x0000d1e5        0x6 d:/programfiles/mcuxpressoide_11.2.0_4120/ide/plugins/com.nxp.mcuxpresso.tools.win32_11.2.0.202001021529/tools/bin/../lib/gcc/arm-none-eabi/9.2.1/../../../../arm-none-eabi/lib/thumb/v6-m/nofp\libcr_c.a(scanf.o)
 .rodata.__ctype
                0x0000d1eb      0x180 d:/programfiles/mcuxpressoide_11.2.0_4120/ide/plugins/com.nxp.mcuxpresso.tools.win32_11.2.0.202001021529/tools/bin/../lib/gcc/arm-none-eabi/9.2.1/../../../../arm-none-eabi/lib/thumb/v6-m/nofp\libcr_c.a(ctype.o)
                0x0000d1eb                __ctype
                0x0000d36c                . = ALIGN (0x4)
 *fill*         0x0000d36b        0x1 ff

.glue_7         0x0000d36c        0x0
 .glue_7        0x0000d36c        0x0 linker stubs

.glue_7t        0x0000d36c        0x0
 .glue_7t       0x0000d36c        0x0 linker stubs

.vfp11_veneer   0x0000d36c        0x0
 .vfp11_veneer  0x0000d36c        0x0 linker stubs

.v4_bx          0x0000d36c        0x0
 .v4_bx         0x0000d36c        0x0 linker stubs

.iplt           0x0000d36c        0x0
 .iplt          0x0000d36c        0x0 ./utilities/fsl_debug_console.o

.rel.dyn        0x0000d36c        0x0
 .rel.iplt      0x0000d36c        0x0 ./utilities/fsl_debug_console.o

.ARM.extab
 *(SORT_BY_ALIGNMENT(.ARM.extab*) SORT_BY_ALIGNMENT(.gnu.linkonce.armextab.*))

.ARM.exidx      0x0000d36c        0x0
                0x0000d36c                __exidx_start = .
 *(SORT_BY_ALIGNMENT(.ARM.exidx*) SORT_BY_ALIGNMENT(.gnu.linkonce.armexidx.*))
                0x0000d36c                __exidx_end = .
                0x0000d36c                _etext = .

.m_usb_data
 *(SORT_BY_ALIGNMENT(m_usb_bdt))

.mtb_buffer_default
                0x1ffff000       0x80
 *(SORT_BY_ALIGNMENT(.mtb*))
 .mtb.$RAM1     0x1ffff000       0x80 ./source/mtb.o
                0x1ffff000                __mtb_buffer__

.uninit_RESERVED
                0x1ffff080        0x0
                0x1ffff080                _start_uninit_RESERVED = .
 *(SORT_BY_ALIGNMENT(.bss.$RESERVED*))
                0x1ffff080                . = ALIGN (0x4)
                0x1ffff080                _end_uninit_RESERVED = .

.data           0x1ffff080        0x8 load address 0x0000d36c
 FILL mask 0xff
                0x1ffff080                _data = .
                [!provide]                PROVIDE (__start_data_RAM = .)
                [!provide]                PROVIDE (__start_data_SRAM = .)
 *(SORT_BY_ALIGNMENT(vtable))
 *(SORT_BY_ALIGNMENT(.ramfunc*))
 *(SORT_BY_ALIGNMENT(CodeQuickAccess))
 *(SORT_BY_ALIGNMENT(DataQuickAccess))
 *(SORT_BY_ALIGNMENT(RamFunction))
 *(SORT_BY_ALIGNMENT(.data*))
 .data.neginf.4394
                0x1ffff080        0x4 d:/programfiles/mcuxpressoide_11.2.0_4120/ide/plugins/com.nxp.mcuxpresso.tools.win32_11.2.0.202001021529/tools/bin/../lib/gcc/arm-none-eabi/9.2.1/../../../../arm-none-eabi/lib/thumb/v6-m/nofp\libcr_c.a(scanf.o)
 .data.posinf.4393
                0x1ffff084        0x4 d:/programfiles/mcuxpressoide_11.2.0_4120/ide/plugins/com.nxp.mcuxpresso.tools.win32_11.2.0.202001021529/tools/bin/../lib/gcc/arm-none-eabi/9.2.1/../../../../arm-none-eabi/lib/thumb/v6-m/nofp\libcr_c.a(scanf.o)
                0x1ffff088                . = ALIGN (0x4)
                0x1ffff088                _edata = .
                [!provide]                PROVIDE (__end_data_RAM = .)
                [!provide]                PROVIDE (__end_data_SRAM = .)

.igot.plt       0x1ffff088        0x0 load address 0x0000d374
 .igot.plt      0x1ffff088        0x0 ./utilities/fsl_debug_console.o

.bss            0x1ffff088      0x524
                0x1ffff088                _bss = .
                [!provide]                PROVIDE (__start_bss_RAM = .)
                [!provide]                PROVIDE (__start_bss_SRAM = .)
 *(SORT_BY_ALIGNMENT(.bss*))
 .bss.current   0x1ffff088       0x18 ./source/PWM.o
 .bss.s_debugConsole
                0x1ffff0a0       0x10 ./utilities/fsl_debug_console.o
 .bss.q         0x1ffff0b0      0x410 ./source/cbfifo.o
                0x1ffff0b0                q
 .bss.calibration_value
                0x1ffff4c0        0x4 ./source/command_processor.o
 .bss.lock_detect
                0x1ffff4c4        0x4 ./source/i2c.o
                0x1ffff4c4                lock_detect
 .bss.i2c_lock  0x1ffff4c8        0x4 ./source/i2c.o
                0x1ffff4c8                i2c_lock
 .bss.s_lpsciHandle
                0x1ffff4cc        0x4 ./drivers/fsl_lpsci.o
 .bss.s_lpsciIsr
                0x1ffff4d0        0x4 ./drivers/fsl_lpsci.o
 .bss.s_uartHandle
                0x1ffff4d4        0xc ./drivers/fsl_uart.o
 .bss.s_uartIsr
                0x1ffff4e0        0x4 ./drivers/fsl_uart.o
 .bss.__Ciob    0x1ffff4e4       0xb4 d:/programfiles/mcuxpressoide_11.2.0_4120/ide/plugins/com.nxp.mcuxpresso.tools.win32_11.2.0.202001021529/tools/bin/../lib/gcc/arm-none-eabi/9.2.1/../../../../arm-none-eabi/lib/thumb/v6-m/nofp\libcr_nohost_nf.a(__ciob.o)
                0x1ffff4e4                __Ciob
 .bss.__end_of_heap
                0x1ffff598        0x4 d:/programfiles/mcuxpressoide_11.2.0_4120/ide/plugins/com.nxp.mcuxpresso.tools.win32_11.2.0.202001021529/tools/bin/../lib/gcc/arm-none-eabi/9.2.1/../../../../arm-none-eabi/lib/thumb/v6-m/nofp\libcr_c.a(__init_alloc.o)
                0x1ffff598                __end_of_heap
 .bss.__heaps   0x1ffff59c        0x4 d:/programfiles/mcuxpressoide_11.2.0_4120/ide/plugins/com.nxp.mcuxpresso.tools.win32_11.2.0.202001021529/tools/bin/../lib/gcc/arm-none-eabi/9.2.1/../../../../arm-none-eabi/lib/thumb/v6-m/nofp\libcr_c.a(__init_alloc.o)
                0x1ffff59c                __heaps
 .bss.errno     0x1ffff5a0        0x4 d:/programfiles/mcuxpressoide_11.2.0_4120/ide/plugins/com.nxp.mcuxpresso.tools.win32_11.2.0.202001021529/tools/bin/../lib/gcc/arm-none-eabi/9.2.1/../../../../arm-none-eabi/lib/thumb/v6-m/nofp\libcr_c.a(errno.o)
                0x1ffff5a0                errno
 .bss.acc_X     0x1ffff5a4        0x2 ./source/Accelerometer.o
                0x1ffff5a4                acc_X
 .bss.acc_Y     0x1ffff5a6        0x2 ./source/Accelerometer.o
                0x1ffff5a6                acc_Y
 .bss.acc_Z     0x1ffff5a8        0x2 ./source/Accelerometer.o
                0x1ffff5a8                acc_Z
 .bss.state     0x1ffff5aa        0x1 ./source/state_machine.o
                0x1ffff5aa                state
 *(SORT_BY_ALIGNMENT(COMMON))
                0x1ffff5ac                . = ALIGN (0x4)
 *fill*         0x1ffff5ab        0x1 
                0x1ffff5ac                _ebss = .
                [!provide]                PROVIDE (__end_bss_RAM = .)
                [!provide]                PROVIDE (__end_bss_SRAM = .)
                [!provide]                PROVIDE (end = .)

.noinit         0x1ffff5ac        0x0
                0x1ffff5ac                _noinit = .
                [!provide]                PROVIDE (__start_noinit_RAM = .)
                [!provide]                PROVIDE (__start_noinit_SRAM = .)
 *(SORT_BY_ALIGNMENT(.noinit*))
                0x1ffff5ac                . = ALIGN (0x4)
                0x1ffff5ac                _end_noinit = .
                [!provide]                PROVIDE (__end_noinit_RAM = .)
                [!provide]                PROVIDE (__end_noinit_SRAM = .)
                0x00000400                _HeapSize = 0x400

.heap           0x1ffff5ac      0x400
                0x1ffff5ac                _pvHeapStart = .
                0x1ffff9ac                . = (. + _HeapSize)
 *fill*         0x1ffff5ac      0x400 
                0x1ffff9ac                . = ALIGN (0x4)
                0x1ffff9ac                _pvHeapLimit = .
                0x00000400                _StackSize = 0x400

.heap2stackfill
                0x1ffff9ac      0x400
                0x1ffffdac                . = (. + _StackSize)
 *fill*         0x1ffff9ac      0x400 

.stack          0x20002c00        0x0
                0x20002c00                _vStackBase = .
                0x20002c00                . = ALIGN (0x4)
                0x20003000                _vStackTop = (. + _StackSize)
                0x00000000                _image_start = LOADADDR (.text)
                0x0000d374                _image_end = (LOADADDR (.data) + SIZEOF (.data))
                0x0000d374                _image_size = (_image_end - _image_start)
OUTPUT(Final_Project.axf elf32-littlearm)

.debug_info     0x00000000     0x8421
 .debug_info    0x00000000      0xfbd ./utilities/fsl_debug_console.o
 .debug_info    0x00000fbd      0x4df ./startup/startup_mkl25z4.o
 .debug_info    0x0000149c      0x51f ./source/Accelerometer.o
 .debug_info    0x000019bb       0xe8 ./source/Delay.o
 .debug_info    0x00001aa3      0x1ac ./source/Final_Project.o
 .debug_info    0x00001c4f      0x569 ./source/PWM.o
 .debug_info    0x000021b8      0x966 ./source/UART.o
 .debug_info    0x00002b1e      0x62b ./source/cbfifo.o
 .debug_info    0x00003149      0x598 ./source/command_processor.o
 .debug_info    0x000036e1      0x575 ./source/i2c.o
 .debug_info    0x00003c56      0x367 ./source/led.o
 .debug_info    0x00003fbd       0x53 ./source/mtb.o
 .debug_info    0x00004010       0x3c ./source/semihost_hardfault.o
 .debug_info    0x0000404c      0x355 ./source/state_machine.o
 .debug_info    0x000043a1      0x73a ./source/switch.o
 .debug_info    0x00004adb      0x1e4 ./source/sysclock.o
 .debug_info    0x00004cbf      0x24b ./source/test_accelerometer.o
 .debug_info    0x00004f0a      0x25c ./source/test_cbfifo.o
 .debug_info    0x00005166      0x1cb ./source/test_led.o
 .debug_info    0x00005331      0x444 ./drivers/fsl_common.o
 .debug_info    0x00005775     0x1469 ./drivers/fsl_lpsci.o
 .debug_info    0x00006bde     0x140a ./drivers/fsl_uart.o
 .debug_info    0x00007fe8      0x439 ./CMSIS/system_MKL25Z4.o

.debug_abbrev   0x00000000     0x23a9
 .debug_abbrev  0x00000000      0x2d7 ./utilities/fsl_debug_console.o
 .debug_abbrev  0x000002d7      0x18d ./startup/startup_mkl25z4.o
 .debug_abbrev  0x00000464      0x168 ./source/Accelerometer.o
 .debug_abbrev  0x000005cc       0xc3 ./source/Delay.o
 .debug_abbrev  0x0000068f       0xc7 ./source/Final_Project.o
 .debug_abbrev  0x00000756      0x1b5 ./source/PWM.o
 .debug_abbrev  0x0000090b      0x21b ./source/UART.o
 .debug_abbrev  0x00000b26      0x286 ./source/cbfifo.o
 .debug_abbrev  0x00000dac      0x216 ./source/command_processor.o
 .debug_abbrev  0x00000fc2      0x1b4 ./source/i2c.o
 .debug_abbrev  0x00001176      0x118 ./source/led.o
 .debug_abbrev  0x0000128e       0x46 ./source/mtb.o
 .debug_abbrev  0x000012d4       0x31 ./source/semihost_hardfault.o
 .debug_abbrev  0x00001305      0x129 ./source/state_machine.o
 .debug_abbrev  0x0000142e      0x1b7 ./source/switch.o
 .debug_abbrev  0x000015e5       0xef ./source/sysclock.o
 .debug_abbrev  0x000016d4       0xff ./source/test_accelerometer.o
 .debug_abbrev  0x000017d3      0x11c ./source/test_cbfifo.o
 .debug_abbrev  0x000018ef       0xc3 ./source/test_led.o
 .debug_abbrev  0x000019b2      0x275 ./drivers/fsl_common.o
 .debug_abbrev  0x00001c27      0x309 ./drivers/fsl_lpsci.o
 .debug_abbrev  0x00001f30      0x323 ./drivers/fsl_uart.o
 .debug_abbrev  0x00002253      0x156 ./CMSIS/system_MKL25Z4.o

.debug_aranges  0x00000000      0x7d8
 .debug_aranges
                0x00000000       0x98 ./utilities/fsl_debug_console.o
 .debug_aranges
                0x00000098      0x160 ./startup/startup_mkl25z4.o
 .debug_aranges
                0x000001f8       0x38 ./source/Accelerometer.o
 .debug_aranges
                0x00000230       0x20 ./source/Delay.o
 .debug_aranges
                0x00000250       0x20 ./source/Final_Project.o
 .debug_aranges
                0x00000270       0x30 ./source/PWM.o
 .debug_aranges
                0x000002a0       0x50 ./source/UART.o
 .debug_aranges
                0x000002f0       0x40 ./source/cbfifo.o
 .debug_aranges
                0x00000330       0x58 ./source/command_processor.o
 .debug_aranges
                0x00000388       0x58 ./source/i2c.o
 .debug_aranges
                0x000003e0       0x20 ./source/led.o
 .debug_aranges
                0x00000400       0x18 ./source/mtb.o
 .debug_aranges
                0x00000418       0x20 ./source/semihost_hardfault.o
 .debug_aranges
                0x00000438       0x30 ./source/state_machine.o
 .debug_aranges
                0x00000468       0x40 ./source/switch.o
 .debug_aranges
                0x000004a8       0x20 ./source/sysclock.o
 .debug_aranges
                0x000004c8       0x28 ./source/test_accelerometer.o
 .debug_aranges
                0x000004f0       0x20 ./source/test_cbfifo.o
 .debug_aranges
                0x00000510       0x20 ./source/test_led.o
 .debug_aranges
                0x00000530       0x38 ./drivers/fsl_common.o
 .debug_aranges
                0x00000568      0x118 ./drivers/fsl_lpsci.o
 .debug_aranges
                0x00000680      0x130 ./drivers/fsl_uart.o
 .debug_aranges
                0x000007b0       0x28 ./CMSIS/system_MKL25Z4.o

.debug_ranges   0x00000000      0x660
 .debug_ranges  0x00000000       0x88 ./utilities/fsl_debug_console.o
 .debug_ranges  0x00000088      0x150 ./startup/startup_mkl25z4.o
 .debug_ranges  0x000001d8       0x28 ./source/Accelerometer.o
 .debug_ranges  0x00000200       0x10 ./source/Delay.o
 .debug_ranges  0x00000210       0x10 ./source/Final_Project.o
 .debug_ranges  0x00000220       0x20 ./source/PWM.o
 .debug_ranges  0x00000240       0x40 ./source/UART.o
 .debug_ranges  0x00000280       0x30 ./source/cbfifo.o
 .debug_ranges  0x000002b0       0x48 ./source/command_processor.o
 .debug_ranges  0x000002f8       0x48 ./source/i2c.o
 .debug_ranges  0x00000340       0x10 ./source/led.o
 .debug_ranges  0x00000350       0x10 ./source/semihost_hardfault.o
 .debug_ranges  0x00000360       0x20 ./source/state_machine.o
 .debug_ranges  0x00000380       0x30 ./source/switch.o
 .debug_ranges  0x000003b0       0x10 ./source/sysclock.o
 .debug_ranges  0x000003c0       0x18 ./source/test_accelerometer.o
 .debug_ranges  0x000003d8       0x10 ./source/test_cbfifo.o
 .debug_ranges  0x000003e8       0x10 ./source/test_led.o
 .debug_ranges  0x000003f8       0x28 ./drivers/fsl_common.o
 .debug_ranges  0x00000420      0x108 ./drivers/fsl_lpsci.o
 .debug_ranges  0x00000528      0x120 ./drivers/fsl_uart.o
 .debug_ranges  0x00000648       0x18 ./CMSIS/system_MKL25Z4.o

.debug_macro    0x00000000     0xe2e2
 .debug_macro   0x00000000      0x127 ./utilities/fsl_debug_console.o
 .debug_macro   0x00000127      0xaae ./utilities/fsl_debug_console.o
 .debug_macro   0x00000bd5       0x10 ./utilities/fsl_debug_console.o
 .debug_macro   0x00000be5       0x16 ./utilities/fsl_debug_console.o
 .debug_macro   0x00000bfb       0x10 ./utilities/fsl_debug_console.o
 .debug_macro   0x00000c0b      0x12e ./utilities/fsl_debug_console.o
 .debug_macro   0x00000d39       0x28 ./utilities/fsl_debug_console.o
 .debug_macro   0x00000d61       0xc4 ./utilities/fsl_debug_console.o
 .debug_macro   0x00000e25       0x16 ./utilities/fsl_debug_console.o
 .debug_macro   0x00000e3b       0x22 ./utilities/fsl_debug_console.o
 .debug_macro   0x00000e5d      0x5b3 ./utilities/fsl_debug_console.o
 .debug_macro   0x00001410       0x10 ./utilities/fsl_debug_console.o
 .debug_macro   0x00001420       0x3f ./utilities/fsl_debug_console.o
 .debug_macro   0x0000145f       0x3a ./utilities/fsl_debug_console.o
 .debug_macro   0x00001499       0x26 ./utilities/fsl_debug_console.o
 .debug_macro   0x000014bf      0x329 ./utilities/fsl_debug_console.o
 .debug_macro   0x000017e8       0x30 ./utilities/fsl_debug_console.o
 .debug_macro   0x00001818     0x51e2 ./utilities/fsl_debug_console.o
 .debug_macro   0x000069fa     0x1352 ./utilities/fsl_debug_console.o
 .debug_macro   0x00007d4c       0x3a ./utilities/fsl_debug_console.o
 .debug_macro   0x00007d86       0xf4 ./utilities/fsl_debug_console.o
 .debug_macro   0x00007e7a       0x35 ./utilities/fsl_debug_console.o
 .debug_macro   0x00007eaf       0x2e ./utilities/fsl_debug_console.o
 .debug_macro   0x00007edd       0x10 ./utilities/fsl_debug_console.o
 .debug_macro   0x00007eed       0x10 ./utilities/fsl_debug_console.o
 .debug_macro   0x00007efd       0x29 ./startup/startup_mkl25z4.o
 .debug_macro   0x00007f26      0x133 ./source/Accelerometer.o
 .debug_macro   0x00008059       0x3f ./source/Accelerometer.o
 .debug_macro   0x00008098       0x34 ./source/Accelerometer.o
 .debug_macro   0x000080cc     0x51e2 ./source/Accelerometer.o
 .debug_macro   0x0000d2ae       0x58 ./source/Accelerometer.o
 .debug_macro   0x0000d306       0x46 ./source/Accelerometer.o
 .debug_macro   0x0000d34c       0x9a ./source/Accelerometer.o
 .debug_macro   0x0000d3e6       0x3c ./source/Delay.o
 .debug_macro   0x0000d422       0x46 ./source/Final_Project.o
 .debug_macro   0x0000d468       0xa0 ./source/Final_Project.o
 .debug_macro   0x0000d508       0xc0 ./source/PWM.o
 .debug_macro   0x0000d5c8       0xc6 ./source/UART.o
 .debug_macro   0x0000d68e       0x2e ./source/UART.o
 .debug_macro   0x0000d6bc       0x22 ./source/UART.o
 .debug_macro   0x0000d6de       0x10 ./source/UART.o
 .debug_macro   0x0000d6ee       0xc0 ./source/cbfifo.o
 .debug_macro   0x0000d7ae       0xfe ./source/command_processor.o
 .debug_macro   0x0000d8ac       0x91 ./source/i2c.o
 .debug_macro   0x0000d93d       0xa6 ./source/led.o
 .debug_macro   0x0000d9e3       0x2f ./source/mtb.o
 .debug_macro   0x0000da12       0x82 ./source/mtb.o
 .debug_macro   0x0000da94       0x10 ./source/mtb.o
 .debug_macro   0x0000daa4       0x11 ./source/semihost_hardfault.o
 .debug_macro   0x0000dab5      0x118 ./source/state_machine.o
 .debug_macro   0x0000dbcd       0xc4 ./source/state_machine.o
 .debug_macro   0x0000dc91       0x52 ./source/state_machine.o
 .debug_macro   0x0000dce3       0x10 ./source/state_machine.o
 .debug_macro   0x0000dcf3       0xa6 ./source/switch.o
 .debug_macro   0x0000dd99       0x91 ./source/sysclock.o
 .debug_macro   0x0000de2a       0x6c ./source/test_accelerometer.o
 .debug_macro   0x0000de96       0x88 ./source/test_cbfifo.o
 .debug_macro   0x0000df1e       0x63 ./source/test_led.o
 .debug_macro   0x0000df81       0xef ./drivers/fsl_common.o
 .debug_macro   0x0000e070       0xec ./drivers/fsl_lpsci.o
 .debug_macro   0x0000e15c       0xf2 ./drivers/fsl_uart.o
 .debug_macro   0x0000e24e       0x94 ./CMSIS/system_MKL25Z4.o

.debug_line     0x00000000     0x6d6c
 .debug_line    0x00000000      0xe20 ./utilities/fsl_debug_console.o
 .debug_line    0x00000e20      0x1e7 ./startup/startup_mkl25z4.o
 .debug_line    0x00001007      0x548 ./source/Accelerometer.o
 .debug_line    0x0000154f      0x1a6 ./source/Delay.o
 .debug_line    0x000016f5      0x1a8 ./source/Final_Project.o
 .debug_line    0x0000189d      0x35a ./source/PWM.o
 .debug_line    0x00001bf7      0x4a1 ./source/UART.o
 .debug_line    0x00002098      0x5a1 ./source/cbfifo.o
 .debug_line    0x00002639      0x5c8 ./source/command_processor.o
 .debug_line    0x00002c01      0x3ff ./source/i2c.o
 .debug_line    0x00003000      0x26b ./source/led.o
 .debug_line    0x0000326b       0xda ./source/mtb.o
 .debug_line    0x00003345       0x59 ./source/semihost_hardfault.o
 .debug_line    0x0000339e      0x388 ./source/state_machine.o
 .debug_line    0x00003726      0x348 ./source/switch.o
 .debug_line    0x00003a6e      0x274 ./source/sysclock.o
 .debug_line    0x00003ce2      0x22a ./source/test_accelerometer.o
 .debug_line    0x00003f0c      0x972 ./source/test_cbfifo.o
 .debug_line    0x0000487e      0x1c2 ./source/test_led.o
 .debug_line    0x00004a40      0x4aa ./drivers/fsl_common.o
 .debug_line    0x00004eea      0xda7 ./drivers/fsl_lpsci.o
 .debug_line    0x00005c91      0xd96 ./drivers/fsl_uart.o
 .debug_line    0x00006a27      0x345 ./CMSIS/system_MKL25Z4.o

.debug_str      0x00000000    0x343dc
 .debug_str     0x00000000    0x31587 ./utilities/fsl_debug_console.o
                              0x3182b (size before relaxing)
 .debug_str     0x00031587      0x403 ./startup/startup_mkl25z4.o
                               0x321b (size before relaxing)
 .debug_str     0x0003198a      0x576 ./source/Accelerometer.o
                              0x3153e (size before relaxing)
 .debug_str     0x00031f00       0x18 ./source/Delay.o
                               0x44fc (size before relaxing)
 .debug_str     0x00031f18       0x31 ./source/Final_Project.o
                               0x369d (size before relaxing)
 .debug_str     0x00031f49      0x270 ./source/PWM.o
                              0x29015 (size before relaxing)
 .debug_str     0x000321b9      0x379 ./source/UART.o
                              0x29592 (size before relaxing)
 .debug_str     0x00032532       0xcc ./source/cbfifo.o
                              0x29257 (size before relaxing)
 .debug_str     0x000325fe       0xd7 ./source/command_processor.o
                              0x29961 (size before relaxing)
 .debug_str     0x000326d5       0xae ./source/i2c.o
                              0x29089 (size before relaxing)
 .debug_str     0x00032783       0x80 ./source/led.o
                              0x28ef0 (size before relaxing)
 .debug_str     0x00032803      0x532 ./source/mtb.o
                               0x3327 (size before relaxing)
 .debug_str     0x00032d35       0x1f ./source/semihost_hardfault.o
                               0x2e14 (size before relaxing)
 .debug_str     0x00032d54       0xd3 ./source/state_machine.o
                              0x299a0 (size before relaxing)
 .debug_str     0x00032e27       0xa7 ./source/switch.o
                              0x291ef (size before relaxing)
 .debug_str     0x00032ece       0x38 ./source/sysclock.o
                              0x28dfa (size before relaxing)
 .debug_str     0x00032f06       0x3d ./source/test_accelerometer.o
                               0x4920 (size before relaxing)
 .debug_str     0x00032f43       0x2e ./source/test_cbfifo.o
                               0x495b (size before relaxing)
 .debug_str     0x00032f71       0x1e ./source/test_led.o
                               0x47eb (size before relaxing)
 .debug_str     0x00032f8f       0xe1 ./drivers/fsl_common.o
                              0x30909 (size before relaxing)
 .debug_str     0x00033070      0xaeb ./drivers/fsl_lpsci.o
                              0x3192a (size before relaxing)
 .debug_str     0x00033b5b      0x832 ./drivers/fsl_uart.o
                              0x3194d (size before relaxing)
 .debug_str     0x0003438d       0x4f ./CMSIS/system_MKL25Z4.o
                              0x2fc8c (size before relaxing)

.comment        0x00000000       0x79
 .comment       0x00000000       0x79 ./utilities/fsl_debug_console.o
                                 0x7a (size before relaxing)
 .comment       0x00000079       0x7a ./startup/startup_mkl25z4.o
 .comment       0x00000079       0x7a ./source/Accelerometer.o
 .comment       0x00000079       0x7a ./source/Delay.o
 .comment       0x00000079       0x7a ./source/Final_Project.o
 .comment       0x00000079       0x7a ./source/PWM.o
 .comment       0x00000079       0x7a ./source/UART.o
 .comment       0x00000079       0x7a ./source/cbfifo.o
 .comment       0x00000079       0x7a ./source/command_processor.o
 .comment       0x00000079       0x7a ./source/i2c.o
 .comment       0x00000079       0x7a ./source/led.o
 .comment       0x00000079       0x7a ./source/mtb.o
 .comment       0x00000079       0x7a ./source/semihost_hardfault.o
 .comment       0x00000079       0x7a ./source/state_machine.o
 .comment       0x00000079       0x7a ./source/switch.o
 .comment       0x00000079       0x7a ./source/sysclock.o
 .comment       0x00000079       0x7a ./source/test_accelerometer.o
 .comment       0x00000079       0x7a ./source/test_cbfifo.o
 .comment       0x00000079       0x7a ./source/test_led.o
 .comment       0x00000079       0x7a ./drivers/fsl_common.o
 .comment       0x00000079       0x7a ./drivers/fsl_lpsci.o
 .comment       0x00000079       0x7a ./drivers/fsl_uart.o
 .comment       0x00000079       0x7a ./CMSIS/system_MKL25Z4.o
 .comment       0x00000079       0x7a d:/programfiles/mcuxpressoide_11.2.0_4120/ide/plugins/com.nxp.mcuxpresso.tools.win32_11.2.0.202001021529/tools/bin/../lib/gcc/arm-none-eabi/9.2.1/../../../../arm-none-eabi/lib/thumb/v6-m/nofp\libcr_nohost_nf.a(__ciob.o)
 .comment       0x00000079       0x7a d:/programfiles/mcuxpressoide_11.2.0_4120/ide/plugins/com.nxp.mcuxpresso.tools.win32_11.2.0.202001021529/tools/bin/../lib/gcc/arm-none-eabi/9.2.1/../../../../arm-none-eabi/lib/thumb/v6-m/nofp\libcr_nohost_nf.a(_cr__main.o)
 .comment       0x00000079       0x7a d:/programfiles/mcuxpressoide_11.2.0_4120/ide/plugins/com.nxp.mcuxpresso.tools.win32_11.2.0.202001021529/tools/bin/../lib/gcc/arm-none-eabi/9.2.1/../../../../arm-none-eabi/lib/thumb/v6-m/nofp\libcr_c.a(memset.o)
 .comment       0x00000079       0x7a d:/programfiles/mcuxpressoide_11.2.0_4120/ide/plugins/com.nxp.mcuxpresso.tools.win32_11.2.0.202001021529/tools/bin/../lib/gcc/arm-none-eabi/9.2.1/../../../../arm-none-eabi/lib/thumb/v6-m/nofp\libcr_c.a(__fillbuf.o)
 .comment       0x00000079       0x7a d:/programfiles/mcuxpressoide_11.2.0_4120/ide/plugins/com.nxp.mcuxpresso.tools.win32_11.2.0.202001021529/tools/bin/../lib/gcc/arm-none-eabi/9.2.1/../../../../arm-none-eabi/lib/thumb/v6-m/nofp\libcr_c.a(_deferredlazyseek.o)
 .comment       0x00000079       0x7a d:/programfiles/mcuxpressoide_11.2.0_4120/ide/plugins/com.nxp.mcuxpresso.tools.win32_11.2.0.202001021529/tools/bin/../lib/gcc/arm-none-eabi/9.2.1/../../../../arm-none-eabi/lib/thumb/v6-m/nofp\libcr_c.a(_fflush.o)
 .comment       0x00000079       0x7a d:/programfiles/mcuxpressoide_11.2.0_4120/ide/plugins/com.nxp.mcuxpresso.tools.win32_11.2.0.202001021529/tools/bin/../lib/gcc/arm-none-eabi/9.2.1/../../../../arm-none-eabi/lib/thumb/v6-m/nofp\libcr_c.a(_writebuf.o)
 .comment       0x00000079       0x7a d:/programfiles/mcuxpressoide_11.2.0_4120/ide/plugins/com.nxp.mcuxpresso.tools.win32_11.2.0.202001021529/tools/bin/../lib/gcc/arm-none-eabi/9.2.1/../../../../arm-none-eabi/lib/thumb/v6-m/nofp\libcr_c.a(acos.o)
 .comment       0x00000079       0x7a d:/programfiles/mcuxpressoide_11.2.0_4120/ide/plugins/com.nxp.mcuxpresso.tools.win32_11.2.0.202001021529/tools/bin/../lib/gcc/arm-none-eabi/9.2.1/../../../../arm-none-eabi/lib/thumb/v6-m/nofp\libcr_c.a(alloc.o)
 .comment       0x00000079       0x7a d:/programfiles/mcuxpressoide_11.2.0_4120/ide/plugins/com.nxp.mcuxpresso.tools.win32_11.2.0.202001021529/tools/bin/../lib/gcc/arm-none-eabi/9.2.1/../../../../arm-none-eabi/lib/thumb/v6-m/nofp\libcr_c.a(fabs.o)
 .comment       0x00000079       0x7a d:/programfiles/mcuxpressoide_11.2.0_4120/ide/plugins/com.nxp.mcuxpresso.tools.win32_11.2.0.202001021529/tools/bin/../lib/gcc/arm-none-eabi/9.2.1/../../../../arm-none-eabi/lib/thumb/v6-m/nofp\libcr_c.a(fpprintf.o)
 .comment       0x00000079       0x7a d:/programfiles/mcuxpressoide_11.2.0_4120/ide/plugins/com.nxp.mcuxpresso.tools.win32_11.2.0.202001021529/tools/bin/../lib/gcc/arm-none-eabi/9.2.1/../../../../arm-none-eabi/lib/thumb/v6-m/nofp\libcr_c.a(fseek.o)
 .comment       0x00000079       0x7a d:/programfiles/mcuxpressoide_11.2.0_4120/ide/plugins/com.nxp.mcuxpresso.tools.win32_11.2.0.202001021529/tools/bin/../lib/gcc/arm-none-eabi/9.2.1/../../../../arm-none-eabi/lib/thumb/v6-m/nofp\libcr_c.a(ftell.o)
 .comment       0x00000079       0x7a d:/programfiles/mcuxpressoide_11.2.0_4120/ide/plugins/com.nxp.mcuxpresso.tools.win32_11.2.0.202001021529/tools/bin/../lib/gcc/arm-none-eabi/9.2.1/../../../../arm-none-eabi/lib/thumb/v6-m/nofp\libcr_c.a(initio.o)
 .comment       0x00000079       0x7a d:/programfiles/mcuxpressoide_11.2.0_4120/ide/plugins/com.nxp.mcuxpresso.tools.win32_11.2.0.202001021529/tools/bin/../lib/gcc/arm-none-eabi/9.2.1/../../../../arm-none-eabi/lib/thumb/v6-m/nofp\libcr_c.a(modf.o)
 .comment       0x00000079       0x7a d:/programfiles/mcuxpressoide_11.2.0_4120/ide/plugins/com.nxp.mcuxpresso.tools.win32_11.2.0.202001021529/tools/bin/../lib/gcc/arm-none-eabi/9.2.1/../../../../arm-none-eabi/lib/thumb/v6-m/nofp\libcr_c.a(pow.o)
 .comment       0x00000079       0x7a d:/programfiles/mcuxpressoide_11.2.0_4120/ide/plugins/com.nxp.mcuxpresso.tools.win32_11.2.0.202001021529/tools/bin/../lib/gcc/arm-none-eabi/9.2.1/../../../../arm-none-eabi/lib/thumb/v6-m/nofp\libcr_c.a(printf.o)
 .comment       0x00000079       0x7a d:/programfiles/mcuxpressoide_11.2.0_4120/ide/plugins/com.nxp.mcuxpresso.tools.win32_11.2.0.202001021529/tools/bin/../lib/gcc/arm-none-eabi/9.2.1/../../../../arm-none-eabi/lib/thumb/v6-m/nofp\libcr_c.a(scanf.o)
 .comment       0x00000079       0x7a d:/programfiles/mcuxpressoide_11.2.0_4120/ide/plugins/com.nxp.mcuxpresso.tools.win32_11.2.0.202001021529/tools/bin/../lib/gcc/arm-none-eabi/9.2.1/../../../../arm-none-eabi/lib/thumb/v6-m/nofp\libcr_c.a(setvbuf.o)
 .comment       0x00000079       0x7a d:/programfiles/mcuxpressoide_11.2.0_4120/ide/plugins/com.nxp.mcuxpresso.tools.win32_11.2.0.202001021529/tools/bin/../lib/gcc/arm-none-eabi/9.2.1/../../../../arm-none-eabi/lib/thumb/v6-m/nofp\libcr_c.a(sqrt.o)
 .comment       0x00000079       0x7a d:/programfiles/mcuxpressoide_11.2.0_4120/ide/plugins/com.nxp.mcuxpresso.tools.win32_11.2.0.202001021529/tools/bin/../lib/gcc/arm-none-eabi/9.2.1/../../../../arm-none-eabi/lib/thumb/v6-m/nofp\libcr_c.a(strcasecmp.o)
 .comment       0x00000079       0x7a d:/programfiles/mcuxpressoide_11.2.0_4120/ide/plugins/com.nxp.mcuxpresso.tools.win32_11.2.0.202001021529/tools/bin/../lib/gcc/arm-none-eabi/9.2.1/../../../../arm-none-eabi/lib/thumb/v6-m/nofp\libcr_c.a(strlen.o)
 .comment       0x00000079       0x7a d:/programfiles/mcuxpressoide_11.2.0_4120/ide/plugins/com.nxp.mcuxpresso.tools.win32_11.2.0.202001021529/tools/bin/../lib/gcc/arm-none-eabi/9.2.1/../../../../arm-none-eabi/lib/thumb/v6-m/nofp\libcr_c.a(strncmp.o)
 .comment       0x00000079       0x7a d:/programfiles/mcuxpressoide_11.2.0_4120/ide/plugins/com.nxp.mcuxpresso.tools.win32_11.2.0.202001021529/tools/bin/../lib/gcc/arm-none-eabi/9.2.1/../../../../arm-none-eabi/lib/thumb/v6-m/nofp\libcr_c.a(ungetc.o)
 .comment       0x00000079       0x7a d:/programfiles/mcuxpressoide_11.2.0_4120/ide/plugins/com.nxp.mcuxpresso.tools.win32_11.2.0.202001021529/tools/bin/../lib/gcc/arm-none-eabi/9.2.1/../../../../arm-none-eabi/lib/thumb/v6-m/nofp\libcr_c.a(__init_alloc.o)
 .comment       0x00000079       0x7a d:/programfiles/mcuxpressoide_11.2.0_4120/ide/plugins/com.nxp.mcuxpresso.tools.win32_11.2.0.202001021529/tools/bin/../lib/gcc/arm-none-eabi/9.2.1/../../../../arm-none-eabi/lib/thumb/v6-m/nofp\libcr_c.a(_asinacos.o)
 .comment       0x00000079       0x7a d:/programfiles/mcuxpressoide_11.2.0_4120/ide/plugins/com.nxp.mcuxpresso.tools.win32_11.2.0.202001021529/tools/bin/../lib/gcc/arm-none-eabi/9.2.1/../../../../arm-none-eabi/lib/thumb/v6-m/nofp\libcr_c.a(_cr_sbrk.o)
 .comment       0x00000079       0x7a d:/programfiles/mcuxpressoide_11.2.0_4120/ide/plugins/com.nxp.mcuxpresso.tools.win32_11.2.0.202001021529/tools/bin/../lib/gcc/arm-none-eabi/9.2.1/../../../../arm-none-eabi/lib/thumb/v6-m/nofp\libcr_c.a(_fdopen.o)
 .comment       0x00000079       0x7a d:/programfiles/mcuxpressoide_11.2.0_4120/ide/plugins/com.nxp.mcuxpresso.tools.win32_11.2.0.202001021529/tools/bin/../lib/gcc/arm-none-eabi/9.2.1/../../../../arm-none-eabi/lib/thumb/v6-m/nofp\libcr_c.a(_frexpl.o)
 .comment       0x00000079       0x7a d:/programfiles/mcuxpressoide_11.2.0_4120/ide/plugins/com.nxp.mcuxpresso.tools.win32_11.2.0.202001021529/tools/bin/../lib/gcc/arm-none-eabi/9.2.1/../../../../arm-none-eabi/lib/thumb/v6-m/nofp\libcr_c.a(_ldexpl.o)
 .comment       0x00000079       0x7a d:/programfiles/mcuxpressoide_11.2.0_4120/ide/plugins/com.nxp.mcuxpresso.tools.win32_11.2.0.202001021529/tools/bin/../lib/gcc/arm-none-eabi/9.2.1/../../../../arm-none-eabi/lib/thumb/v6-m/nofp\libcr_c.a(ctype.o)
 .comment       0x00000079       0x7a d:/programfiles/mcuxpressoide_11.2.0_4120/ide/plugins/com.nxp.mcuxpresso.tools.win32_11.2.0.202001021529/tools/bin/../lib/gcc/arm-none-eabi/9.2.1/../../../../arm-none-eabi/lib/thumb/v6-m/nofp\libcr_c.a(errno.o)
 .comment       0x00000079       0x7a d:/programfiles/mcuxpressoide_11.2.0_4120/ide/plugins/com.nxp.mcuxpresso.tools.win32_11.2.0.202001021529/tools/bin/../lib/gcc/arm-none-eabi/9.2.1/../../../../arm-none-eabi/lib/thumb/v6-m/nofp\libcr_c.a(fclose.o)
 .comment       0x00000079       0x7a d:/programfiles/mcuxpressoide_11.2.0_4120/ide/plugins/com.nxp.mcuxpresso.tools.win32_11.2.0.202001021529/tools/bin/../lib/gcc/arm-none-eabi/9.2.1/../../../../arm-none-eabi/lib/thumb/v6-m/nofp\libcr_c.a(fflush.o)
 .comment       0x00000079       0x7a d:/programfiles/mcuxpressoide_11.2.0_4120/ide/plugins/com.nxp.mcuxpresso.tools.win32_11.2.0.202001021529/tools/bin/../lib/gcc/arm-none-eabi/9.2.1/../../../../arm-none-eabi/lib/thumb/v6-m/nofp\libcr_c.a(frexp.o)
 .comment       0x00000079       0x7a d:/programfiles/mcuxpressoide_11.2.0_4120/ide/plugins/com.nxp.mcuxpresso.tools.win32_11.2.0.202001021529/tools/bin/../lib/gcc/arm-none-eabi/9.2.1/../../../../arm-none-eabi/lib/thumb/v6-m/nofp\libcr_c.a(ldexp.o)
 .comment       0x00000079       0x7a d:/programfiles/mcuxpressoide_11.2.0_4120/ide/plugins/com.nxp.mcuxpresso.tools.win32_11.2.0.202001021529/tools/bin/../lib/gcc/arm-none-eabi/9.2.1/../../../../arm-none-eabi/lib/thumb/v6-m/nofp\libcr_c.a(remove.o)
 .comment       0x00000079       0x7a d:/programfiles/mcuxpressoide_11.2.0_4120/ide/plugins/com.nxp.mcuxpresso.tools.win32_11.2.0.202001021529/tools/bin/../lib/gcc/arm-none-eabi/9.2.1/../../../../arm-none-eabi/lib/thumb/v6-m/nofp\libcr_c.a(_cr_check_heap.o)
 .comment       0x00000079       0x7a d:/programfiles/mcuxpressoide_11.2.0_4120/ide/plugins/com.nxp.mcuxpresso.tools.win32_11.2.0.202001021529/tools/bin/../lib/gcc/arm-none-eabi/9.2.1/../../../../arm-none-eabi/lib/thumb/v6-m/nofp\libcr_c.a(_do_fflush.o)
 .comment       0x00000079       0x7a d:/programfiles/mcuxpressoide_11.2.0_4120/ide/plugins/com.nxp.mcuxpresso.tools.win32_11.2.0.202001021529/tools/bin/../lib/gcc/arm-none-eabi/9.2.1/thumb/v6-m/nofp\libcr_eabihelpers.a(double.o)
 .comment       0x00000079       0x7a d:/programfiles/mcuxpressoide_11.2.0_4120/ide/plugins/com.nxp.mcuxpresso.tools.win32_11.2.0.202001021529/tools/bin/../lib/gcc/arm-none-eabi/9.2.1/thumb/v6-m/nofp\libcr_eabihelpers.a(float.o)
 .comment       0x00000079       0x7a d:/programfiles/mcuxpressoide_11.2.0_4120/ide/plugins/com.nxp.mcuxpresso.tools.win32_11.2.0.202001021529/tools/bin/../lib/gcc/arm-none-eabi/9.2.1/../../../../arm-none-eabi/lib/thumb/v6-m/nofp\libcr_nohost_nf.a(__sys_appexit.o)
 .comment       0x00000079       0x7a d:/programfiles/mcuxpressoide_11.2.0_4120/ide/plugins/com.nxp.mcuxpresso.tools.win32_11.2.0.202001021529/tools/bin/../lib/gcc/arm-none-eabi/9.2.1/../../../../arm-none-eabi/lib/thumb/v6-m/nofp\libcr_nohost_nf.a(__sys_close.o)
 .comment       0x00000079       0x7a d:/programfiles/mcuxpressoide_11.2.0_4120/ide/plugins/com.nxp.mcuxpresso.tools.win32_11.2.0.202001021529/tools/bin/../lib/gcc/arm-none-eabi/9.2.1/../../../../arm-none-eabi/lib/thumb/v6-m/nofp\libcr_nohost_nf.a(__sys_flen.o)
 .comment       0x00000079       0x7a d:/programfiles/mcuxpressoide_11.2.0_4120/ide/plugins/com.nxp.mcuxpresso.tools.win32_11.2.0.202001021529/tools/bin/../lib/gcc/arm-none-eabi/9.2.1/../../../../arm-none-eabi/lib/thumb/v6-m/nofp\libcr_nohost_nf.a(__sys_istty.o)
 .comment       0x00000079       0x7a d:/programfiles/mcuxpressoide_11.2.0_4120/ide/plugins/com.nxp.mcuxpresso.tools.win32_11.2.0.202001021529/tools/bin/../lib/gcc/arm-none-eabi/9.2.1/../../../../arm-none-eabi/lib/thumb/v6-m/nofp\libcr_nohost_nf.a(__sys_read.o)
 .comment       0x00000079       0x7a d:/programfiles/mcuxpressoide_11.2.0_4120/ide/plugins/com.nxp.mcuxpresso.tools.win32_11.2.0.202001021529/tools/bin/../lib/gcc/arm-none-eabi/9.2.1/../../../../arm-none-eabi/lib/thumb/v6-m/nofp\libcr_nohost_nf.a(__sys_remove.o)
 .comment       0x00000079       0x7a d:/programfiles/mcuxpressoide_11.2.0_4120/ide/plugins/com.nxp.mcuxpresso.tools.win32_11.2.0.202001021529/tools/bin/../lib/gcc/arm-none-eabi/9.2.1/../../../../arm-none-eabi/lib/thumb/v6-m/nofp\libcr_nohost_nf.a(__sys_seek.o)
 .comment       0x00000079       0x7a d:/programfiles/mcuxpressoide_11.2.0_4120/ide/plugins/com.nxp.mcuxpresso.tools.win32_11.2.0.202001021529/tools/bin/../lib/gcc/arm-none-eabi/9.2.1/../../../../arm-none-eabi/lib/thumb/v6-m/nofp\libcr_nohost_nf.a(__sys_tmpnam.o)

.ARM.attributes
                0x00000000       0x2a
 .ARM.attributes
                0x00000000       0x2c ./utilities/fsl_debug_console.o
 .ARM.attributes
                0x0000002c       0x2c ./startup/startup_mkl25z4.o
 .ARM.attributes
                0x00000058       0x2c ./source/Accelerometer.o
 .ARM.attributes
                0x00000084       0x2c ./source/Delay.o
 .ARM.attributes
                0x000000b0       0x2c ./source/Final_Project.o
 .ARM.attributes
                0x000000dc       0x2c ./source/PWM.o
 .ARM.attributes
                0x00000108       0x2c ./source/UART.o
 .ARM.attributes
                0x00000134       0x2c ./source/cbfifo.o
 .ARM.attributes
                0x00000160       0x2c ./source/command_processor.o
 .ARM.attributes
                0x0000018c       0x2c ./source/i2c.o
 .ARM.attributes
                0x000001b8       0x2c ./source/led.o
 .ARM.attributes
                0x000001e4       0x32 ./source/mtb.o
 .ARM.attributes
                0x00000216       0x2c ./source/semihost_hardfault.o
 .ARM.attributes
                0x00000242       0x2c ./source/state_machine.o
 .ARM.attributes
                0x0000026e       0x2c ./source/switch.o
 .ARM.attributes
                0x0000029a       0x2c ./source/sysclock.o
 .ARM.attributes
                0x000002c6       0x2c ./source/test_accelerometer.o
 .ARM.attributes
                0x000002f2       0x2c ./source/test_cbfifo.o
 .ARM.attributes
                0x0000031e       0x2c ./source/test_led.o
 .ARM.attributes
                0x0000034a       0x2c ./drivers/fsl_common.o
 .ARM.attributes
                0x00000376       0x2c ./drivers/fsl_lpsci.o
 .ARM.attributes
                0x000003a2       0x2c ./drivers/fsl_uart.o
 .ARM.attributes
                0x000003ce       0x2c ./CMSIS/system_MKL25Z4.o
 .ARM.attributes
                0x000003fa       0x31 d:/programfiles/mcuxpressoide_11.2.0_4120/ide/plugins/com.nxp.mcuxpresso.tools.win32_11.2.0.202001021529/tools/bin/../lib/gcc/arm-none-eabi/9.2.1/../../../../arm-none-eabi/lib/thumb/v6-m/nofp\libcr_nohost_nf.a(__ciob.o)
 .ARM.attributes
                0x0000042b       0x2c d:/programfiles/mcuxpressoide_11.2.0_4120/ide/plugins/com.nxp.mcuxpresso.tools.win32_11.2.0.202001021529/tools/bin/../lib/gcc/arm-none-eabi/9.2.1/../../../../arm-none-eabi/lib/thumb/v6-m/nofp\libcr_nohost_nf.a(_cr__main.o)
 .ARM.attributes
                0x00000457       0x2c d:/programfiles/mcuxpressoide_11.2.0_4120/ide/plugins/com.nxp.mcuxpresso.tools.win32_11.2.0.202001021529/tools/bin/../lib/gcc/arm-none-eabi/9.2.1/../../../../arm-none-eabi/lib/thumb/v6-m/nofp\libcr_c.a(memset.o)
 .ARM.attributes
                0x00000483       0x2c d:/programfiles/mcuxpressoide_11.2.0_4120/ide/plugins/com.nxp.mcuxpresso.tools.win32_11.2.0.202001021529/tools/bin/../lib/gcc/arm-none-eabi/9.2.1/../../../../arm-none-eabi/lib/thumb/v6-m/nofp\libcr_c.a(__fillbuf.o)
 .ARM.attributes
                0x000004af       0x2c d:/programfiles/mcuxpressoide_11.2.0_4120/ide/plugins/com.nxp.mcuxpresso.tools.win32_11.2.0.202001021529/tools/bin/../lib/gcc/arm-none-eabi/9.2.1/../../../../arm-none-eabi/lib/thumb/v6-m/nofp\libcr_c.a(_deferredlazyseek.o)
 .ARM.attributes
                0x000004db       0x2c d:/programfiles/mcuxpressoide_11.2.0_4120/ide/plugins/com.nxp.mcuxpresso.tools.win32_11.2.0.202001021529/tools/bin/../lib/gcc/arm-none-eabi/9.2.1/../../../../arm-none-eabi/lib/thumb/v6-m/nofp\libcr_c.a(_fflush.o)
 .ARM.attributes
                0x00000507       0x2c d:/programfiles/mcuxpressoide_11.2.0_4120/ide/plugins/com.nxp.mcuxpresso.tools.win32_11.2.0.202001021529/tools/bin/../lib/gcc/arm-none-eabi/9.2.1/../../../../arm-none-eabi/lib/thumb/v6-m/nofp\libcr_c.a(_writebuf.o)
 .ARM.attributes
                0x00000533       0x2c d:/programfiles/mcuxpressoide_11.2.0_4120/ide/plugins/com.nxp.mcuxpresso.tools.win32_11.2.0.202001021529/tools/bin/../lib/gcc/arm-none-eabi/9.2.1/../../../../arm-none-eabi/lib/thumb/v6-m/nofp\libcr_c.a(acos.o)
 .ARM.attributes
                0x0000055f       0x2c d:/programfiles/mcuxpressoide_11.2.0_4120/ide/plugins/com.nxp.mcuxpresso.tools.win32_11.2.0.202001021529/tools/bin/../lib/gcc/arm-none-eabi/9.2.1/../../../../arm-none-eabi/lib/thumb/v6-m/nofp\libcr_c.a(alloc.o)
 .ARM.attributes
                0x0000058b       0x2c d:/programfiles/mcuxpressoide_11.2.0_4120/ide/plugins/com.nxp.mcuxpresso.tools.win32_11.2.0.202001021529/tools/bin/../lib/gcc/arm-none-eabi/9.2.1/../../../../arm-none-eabi/lib/thumb/v6-m/nofp\libcr_c.a(fabs.o)
 .ARM.attributes
                0x000005b7       0x2c d:/programfiles/mcuxpressoide_11.2.0_4120/ide/plugins/com.nxp.mcuxpresso.tools.win32_11.2.0.202001021529/tools/bin/../lib/gcc/arm-none-eabi/9.2.1/../../../../arm-none-eabi/lib/thumb/v6-m/nofp\libcr_c.a(fpprintf.o)
 .ARM.attributes
                0x000005e3       0x2c d:/programfiles/mcuxpressoide_11.2.0_4120/ide/plugins/com.nxp.mcuxpresso.tools.win32_11.2.0.202001021529/tools/bin/../lib/gcc/arm-none-eabi/9.2.1/../../../../arm-none-eabi/lib/thumb/v6-m/nofp\libcr_c.a(fseek.o)
 .ARM.attributes
                0x0000060f       0x2c d:/programfiles/mcuxpressoide_11.2.0_4120/ide/plugins/com.nxp.mcuxpresso.tools.win32_11.2.0.202001021529/tools/bin/../lib/gcc/arm-none-eabi/9.2.1/../../../../arm-none-eabi/lib/thumb/v6-m/nofp\libcr_c.a(ftell.o)
 .ARM.attributes
                0x0000063b       0x2c d:/programfiles/mcuxpressoide_11.2.0_4120/ide/plugins/com.nxp.mcuxpresso.tools.win32_11.2.0.202001021529/tools/bin/../lib/gcc/arm-none-eabi/9.2.1/../../../../arm-none-eabi/lib/thumb/v6-m/nofp\libcr_c.a(initio.o)
 .ARM.attributes
                0x00000667       0x2c d:/programfiles/mcuxpressoide_11.2.0_4120/ide/plugins/com.nxp.mcuxpresso.tools.win32_11.2.0.202001021529/tools/bin/../lib/gcc/arm-none-eabi/9.2.1/../../../../arm-none-eabi/lib/thumb/v6-m/nofp\libcr_c.a(modf.o)
 .ARM.attributes
                0x00000693       0x2c d:/programfiles/mcuxpressoide_11.2.0_4120/ide/plugins/com.nxp.mcuxpresso.tools.win32_11.2.0.202001021529/tools/bin/../lib/gcc/arm-none-eabi/9.2.1/../../../../arm-none-eabi/lib/thumb/v6-m/nofp\libcr_c.a(pow.o)
 .ARM.attributes
                0x000006bf       0x2c d:/programfiles/mcuxpressoide_11.2.0_4120/ide/plugins/com.nxp.mcuxpresso.tools.win32_11.2.0.202001021529/tools/bin/../lib/gcc/arm-none-eabi/9.2.1/../../../../arm-none-eabi/lib/thumb/v6-m/nofp\libcr_c.a(printf.o)
 .ARM.attributes
                0x000006eb       0x2c d:/programfiles/mcuxpressoide_11.2.0_4120/ide/plugins/com.nxp.mcuxpresso.tools.win32_11.2.0.202001021529/tools/bin/../lib/gcc/arm-none-eabi/9.2.1/../../../../arm-none-eabi/lib/thumb/v6-m/nofp\libcr_c.a(scanf.o)
 .ARM.attributes
                0x00000717       0x2c d:/programfiles/mcuxpressoide_11.2.0_4120/ide/plugins/com.nxp.mcuxpresso.tools.win32_11.2.0.202001021529/tools/bin/../lib/gcc/arm-none-eabi/9.2.1/../../../../arm-none-eabi/lib/thumb/v6-m/nofp\libcr_c.a(setvbuf.o)
 .ARM.attributes
                0x00000743       0x2c d:/programfiles/mcuxpressoide_11.2.0_4120/ide/plugins/com.nxp.mcuxpresso.tools.win32_11.2.0.202001021529/tools/bin/../lib/gcc/arm-none-eabi/9.2.1/../../../../arm-none-eabi/lib/thumb/v6-m/nofp\libcr_c.a(sqrt.o)
 .ARM.attributes
                0x0000076f       0x2c d:/programfiles/mcuxpressoide_11.2.0_4120/ide/plugins/com.nxp.mcuxpresso.tools.win32_11.2.0.202001021529/tools/bin/../lib/gcc/arm-none-eabi/9.2.1/../../../../arm-none-eabi/lib/thumb/v6-m/nofp\libcr_c.a(strcasecmp.o)
 .ARM.attributes
                0x0000079b       0x2c d:/programfiles/mcuxpressoide_11.2.0_4120/ide/plugins/com.nxp.mcuxpresso.tools.win32_11.2.0.202001021529/tools/bin/../lib/gcc/arm-none-eabi/9.2.1/../../../../arm-none-eabi/lib/thumb/v6-m/nofp\libcr_c.a(strlen.o)
 .ARM.attributes
                0x000007c7       0x2c d:/programfiles/mcuxpressoide_11.2.0_4120/ide/plugins/com.nxp.mcuxpresso.tools.win32_11.2.0.202001021529/tools/bin/../lib/gcc/arm-none-eabi/9.2.1/../../../../arm-none-eabi/lib/thumb/v6-m/nofp\libcr_c.a(strncmp.o)
 .ARM.attributes
                0x000007f3       0x2c d:/programfiles/mcuxpressoide_11.2.0_4120/ide/plugins/com.nxp.mcuxpresso.tools.win32_11.2.0.202001021529/tools/bin/../lib/gcc/arm-none-eabi/9.2.1/../../../../arm-none-eabi/lib/thumb/v6-m/nofp\libcr_c.a(ungetc.o)
 .ARM.attributes
                0x0000081f       0x2c d:/programfiles/mcuxpressoide_11.2.0_4120/ide/plugins/com.nxp.mcuxpresso.tools.win32_11.2.0.202001021529/tools/bin/../lib/gcc/arm-none-eabi/9.2.1/../../../../arm-none-eabi/lib/thumb/v6-m/nofp\libcr_c.a(__init_alloc.o)
 .ARM.attributes